<html>
<body>
<pre>
<h1>µVision Build Log</h1>
<h2>Tool Versions:</h2>
IDE-Version: ¦ÌVision V5.40.0.0
Copyright (C) 2024 ARM Ltd and ARM Germany GmbH. All rights reserved.
License Information: niu NSZ, niu, LIC=ATTQ1-C6PWT-308NC-7M16C-K0DQW-Q2N2W
 
Tool Versions:
Toolchain:       MDK-ARM Plus  Version: 5.40.0.3
Toolchain Path:  D:\keil5-stm32.51\Keil5 MDK\ARM\ARMCC\Bin
C Compiler:      Armcc.exe V5.06 update 5 (build 528)
Assembler:       Armasm.exe V5.06 update 5 (build 528)
Linker/Locator:  ArmLink.exe V5.06 update 5 (build 528)
Library Manager: ArmAr.exe V5.06 update 5 (build 528)
Hex Converter:   FromElf.exe V5.06 update 5 (build 528)
CPU DLL:         SARMCM3.DLL V5.40.0.3
Dialog DLL:      DCM.DLL V1.17.5.0
Target DLL:      STLink\ST-LINKIII-KEIL_SWO.dll V3.3.0.0
Dialog DLL:      TCM.DLL V1.56.4.0
 
<h2>Project:</h2>
E:\STM32TESTPROJECT\Qrs_project\0.96OLED_U8g2\MDK-ARM\0.96OLED_I2C.uvprojx
Project File Date:  10/31/2025

<h2>Output:</h2>
*** Using Compiler 'V5.06 update 5 (build 528)', folder: 'D:\keil5-stm32.51\Keil5 MDK\ARM\ARMCC\Bin'
Rebuild target '0.96OLED_I2C'
assembling startup_stm32f103xb.s...
compiling tim.c...
compiling gpio.c...
compiling stm32f1xx_hal_gpio_ex.c...
compiling stm32f1xx_hal_gpio.c...
compiling stm32f1xx_hal_pwr.c...
compiling stm32f1xx_hal_rcc_ex.c...
compiling stm32f1xx_hal_cortex.c...
compiling stm32f1xx_hal_msp.c...
compiling stm32f1xx_hal_flash_ex.c...
compiling stm32f1xx_hal_flash.c...
compiling main.c...
..\HARDWARE\stm32_u8g2.h(29): warning:  #1-D: last line of file ends without a newline
  #endif
..\HARDWARE\test.h(18): warning:  #1-D: last line of file ends without a newline
  #endif
../Core/Src/main.c: 2 warnings, 0 errors
compiling stm32f1xx_hal_rcc.c...
compiling stm32f1xx_hal.c...
compiling stm32f1xx_hal_i2c.c...
compiling stm32f1xx_it.c...
compiling mui.c...
compiling u8g2_box.c...
compiling u8g2_bitmap.c...
compiling i2c.c...
compiling u8g2_buffer.c...
compiling stm32f1xx_hal_dma.c...
compiling u8g2_button.c...
compiling mui_u8g2.c...
compiling u8g2_circle.c...
compiling stm32f1xx_hal_exti.c...
compiling u8g2_d_memory.c...
compiling u8g2_cleardisplay.c...
compiling u8g2_font.c...
compiling u8g2_hvline.c...
compiling u8g2_input_value.c...
compiling u8g2_intersection.c...
compiling u8g2_kerning.c...
compiling u8g2_ll_hvline.c...
compiling u8g2_line.c...
compiling system_stm32f1xx.c...
compiling u8log_u8x8.c...
compiling u8g2_polygon.c...
compiling u8log.c...
compiling u8g2_message.c...
compiling u8log_u8g2.c...
compiling u8g2_selection_list.c...
compiling u8g2_setup.c...
..\csrc\u8g2_setup.c(468): warning:  #1-D: last line of file ends without a newline
    
..\csrc\u8g2_setup.c: 1 warning, 0 errors
compiling stm32_u8g2.c...
..\HARDWARE\stm32_u8g2.h(29): warning:  #1-D: last line of file ends without a newline
  #endif
..\HARDWARE\stm32_u8g2.c(154): warning:  #1-D: last line of file ends without a newline
  }
..\HARDWARE\stm32_u8g2.c(143): warning:  #177-D: variable "t"  was declared but never referenced
    int t = 1000;
..\HARDWARE\stm32_u8g2.c: 3 warnings, 0 errors
compiling test.c...
..\HARDWARE\test.h(18): warning:  #1-D: last line of file ends without a newline
  #endif
..\HARDWARE\test.c(20): warning:  #223-D: function "sprintf" declared implicitly
  		sprintf(buff,"%d%%",(int)(i/80.0*100));
..\HARDWARE\test.c: 2 warnings, 0 errors
compiling stm32f1xx_hal_tim_ex.c...
compiling u8x8_capture.c...
..\csrc\u8x8_capture.c(254): warning:  #1-D: last line of file ends without a newline
  #endif
..\csrc\u8x8_capture.c: 1 warning, 0 errors
compiling u8g2_d_setup.c...
..\csrc\u8g2_d_setup.c(17): warning:  #1-D: last line of file ends without a newline
    
..\csrc\u8g2_d_setup.c: 1 warning, 0 errors
compiling u8x8_d_gu800.c...
compiling u8x8_d_a2printer.c...
..\csrc\u8x8_d_a2printer.c(182): warning:  #1-D: last line of file ends without a newline
    
..\csrc\u8x8_d_a2printer.c: 1 warning, 0 errors
compiling u8x8_byte.c...
compiling u8x8_d_gp1287ai.c...
compiling stm32f1xx_hal_tim.c...
compiling u8x8_d_gp1247ai.c...
compiling u8x8_8x8.c...
compiling u8x8_cad.c...
compiling u8x8_d_stdio.c...
compiling u8x8_d_ssd1306_128x64_noname.c...
compiling u8x8_d_hd44102.c...
compiling u8x8_d_uc1601.c...
compiling u8x8_d_t6963.c...
..\csrc\u8x8_d_t6963.c(564): warning:  #1-D: last line of file ends without a newline
    
..\csrc\u8x8_d_t6963.c: 1 warning, 0 errors
compiling u8x8_d_uc1604.c...
compiling u8x8_d_uc1608.c...
compiling u8x8_d_uc1609.c...
compiling u8x8_d_uc1610.c...
compiling u8x8_d_uc1611.c...
compiling u8x8_d_uc1617.c...
compiling u8x8_d_uc1638.c...
compiling u8x8_d_uc1701_dogs102.c...
compiling u8x8_d_uc1701_mini12864.c...
compiling u8x8_debounce.c...
compiling u8x8_display.c...
..\csrc\u8x8_display.c(203): warning:  #1-D: last line of file ends without a newline
  }
..\csrc\u8x8_display.c: 1 warning, 0 errors
compiling u8x8_gpio.c...
..\csrc\u8x8_gpio.c(50): warning:  #1-D: last line of file ends without a newline
  */
..\csrc\u8x8_gpio.c: 1 warning, 0 errors
compiling u8x8_message.c...
compiling u8x8_input_value.c...
compiling u8x8_selection_list.c...
compiling u8x8_u8toa.c...
compiling u8x8_setup.c...
compiling u8x8_string.c...
compiling u8x8_fonts.c...
compiling u8x8_u16toa.c...
..\csrc\u8x8_u16toa.c(77): warning:  #1-D: last line of file ends without a newline
  }
..\csrc\u8x8_u16toa.c: 1 warning, 0 errors
compiling u8g2_fonts.c...
linking...
Program Size: Code=14308 RO-data=22484 RW-data=24 ZI-data=2944  
FromELF: creating hex file...
"0.96OLED_I2C\0.96OLED_I2C" - 0 Error(s), 15 Warning(s).

<h2>Software Packages used:</h2>

Package Vendor: ARM
                https://www.keil.com/pack/ARM.CMSIS.6.1.0.pack
                ARM::CMSIS@6.1.0
                CMSIS (Common Microcontroller Software Interface Standard)
   * Component: CORE Version: 6.1.0

Package Vendor: Keil
                http://www.keil.com/pack/Keil.STM32F1xx_DFP.2.2.0.pack
                Keil::STM32F1xx_DFP@2.2.0
                STMicroelectronics STM32F1 Series Device Support, Drivers and Examples

<h2>Collection of Component include folders:</h2>
  ./RTE/_0.96OLED_I2C
  D:/keil5-stm32.51/Keil5 MDK/ARM/PACK/ARM/CMSIS/6.1.0/CMSIS/Core/Include
  D:/keil5-stm32.51/Keil5 MDK/ARM/PACK/Keil/STM32F1xx_DFP/2.2.0/Device/Include

<h2>Collection of Component Files used:</h2>

   * Component: ARM::CMSIS:CORE@6.1.0
      Include file:  CMSIS/Core/Include/tz_context.h
Build Time Elapsed:  00:01:28
</pre>
</body>
</html>
