Component: ARM Compiler 5.06 update 5 (build 528) Tool: armlink [4d35e2]

==============================================================================

Section Cross References

    startup_stm32f103xb.o(STACK) refers (Special) to heapauxi.o(.text) for __use_two_region_memory
    startup_stm32f103xb.o(HEAP) refers (Special) to heapauxi.o(.text) for __use_two_region_memory
    startup_stm32f103xb.o(RESET) refers (Special) to heapauxi.o(.text) for __use_two_region_memory
    startup_stm32f103xb.o(RESET) refers to startup_stm32f103xb.o(STACK) for __initial_sp
    startup_stm32f103xb.o(RESET) refers to startup_stm32f103xb.o(.text) for Reset_Handler
    startup_stm32f103xb.o(RESET) refers to stm32f1xx_it.o(i.NMI_Handler) for NMI_Handler
    startup_stm32f103xb.o(RESET) refers to stm32f1xx_it.o(i.HardFault_Handler) for HardFault_Handler
    startup_stm32f103xb.o(RESET) refers to stm32f1xx_it.o(i.MemManage_Handler) for MemManage_Handler
    startup_stm32f103xb.o(RESET) refers to stm32f1xx_it.o(i.BusFault_Handler) for BusFault_Handler
    startup_stm32f103xb.o(RESET) refers to stm32f1xx_it.o(i.UsageFault_Handler) for UsageFault_Handler
    startup_stm32f103xb.o(RESET) refers to stm32f1xx_it.o(i.SVC_Handler) for SVC_Handler
    startup_stm32f103xb.o(RESET) refers to stm32f1xx_it.o(i.DebugMon_Handler) for DebugMon_Handler
    startup_stm32f103xb.o(RESET) refers to stm32f1xx_it.o(i.PendSV_Handler) for PendSV_Handler
    startup_stm32f103xb.o(RESET) refers to stm32f1xx_it.o(i.SysTick_Handler) for SysTick_Handler
    startup_stm32f103xb.o(.text) refers (Special) to heapauxi.o(.text) for __use_two_region_memory
    startup_stm32f103xb.o(.text) refers to system_stm32f1xx.o(i.SystemInit) for SystemInit
    startup_stm32f103xb.o(.text) refers to __main.o(!!!main) for __main
    startup_stm32f103xb.o(.text) refers to startup_stm32f103xb.o(HEAP) for Heap_Mem
    startup_stm32f103xb.o(.text) refers to startup_stm32f103xb.o(STACK) for Stack_Mem
    main.o(i.SystemClock_Config) refers to rt_memclr_w.o(.text) for __aeabi_memclr4
    main.o(i.SystemClock_Config) refers to stm32f1xx_hal_rcc.o(i.HAL_RCC_OscConfig) for HAL_RCC_OscConfig
    main.o(i.SystemClock_Config) refers to stm32f1xx_hal_rcc.o(i.HAL_RCC_ClockConfig) for HAL_RCC_ClockConfig
    main.o(i.main) refers to stm32f1xx_hal.o(i.HAL_Init) for HAL_Init
    main.o(i.main) refers to main.o(i.SystemClock_Config) for SystemClock_Config
    main.o(i.main) refers to gpio.o(i.MX_GPIO_Init) for MX_GPIO_Init
    main.o(i.main) refers to i2c.o(i.MX_I2C2_Init) for MX_I2C2_Init
    main.o(i.main) refers to tim.o(i.MX_TIM1_Init) for MX_TIM1_Init
    main.o(i.main) refers to stm32_u8g2.o(i.u8g2Init) for u8g2Init
    main.o(i.main) refers to u8g2_buffer.o(i.u8g2_FirstPage) for u8g2_FirstPage
    main.o(i.main) refers to stm32_u8g2.o(i.draw) for draw
    main.o(i.main) refers to test.o(i.u8g2DrawTest) for u8g2DrawTest
    main.o(i.main) refers to u8g2_buffer.o(i.u8g2_NextPage) for u8g2_NextPage
    i2c.o(i.HAL_I2C_MspDeInit) refers to stm32f1xx_hal_gpio.o(i.HAL_GPIO_DeInit) for HAL_GPIO_DeInit
    i2c.o(i.HAL_I2C_MspInit) refers to stm32f1xx_hal_gpio.o(i.HAL_GPIO_Init) for HAL_GPIO_Init
    i2c.o(i.MX_I2C2_Init) refers to stm32f1xx_hal_i2c.o(i.HAL_I2C_Init) for HAL_I2C_Init
    i2c.o(i.MX_I2C2_Init) refers to main.o(i.Error_Handler) for Error_Handler
    i2c.o(i.MX_I2C2_Init) refers to i2c.o(.bss) for .bss
    tim.o(i.MX_TIM1_Init) refers to stm32f1xx_hal_tim.o(i.HAL_TIM_Base_Init) for HAL_TIM_Base_Init
    tim.o(i.MX_TIM1_Init) refers to main.o(i.Error_Handler) for Error_Handler
    tim.o(i.MX_TIM1_Init) refers to stm32f1xx_hal_tim.o(i.HAL_TIM_ConfigClockSource) for HAL_TIM_ConfigClockSource
    tim.o(i.MX_TIM1_Init) refers to stm32f1xx_hal_tim_ex.o(i.HAL_TIMEx_MasterConfigSynchronization) for HAL_TIMEx_MasterConfigSynchronization
    tim.o(i.MX_TIM1_Init) refers to tim.o(.bss) for .bss
    tim.o(i.Tims_delay_us) refers to tim.o(.bss) for .bss
    stm32f1xx_it.o(i.SysTick_Handler) refers to stm32f1xx_hal.o(i.HAL_IncTick) for HAL_IncTick
    stm32f1xx_hal_i2c.o(i.HAL_I2C_DeInit) refers to i2c.o(i.HAL_I2C_MspDeInit) for HAL_I2C_MspDeInit
    stm32f1xx_hal_i2c.o(i.HAL_I2C_ER_IRQHandler) refers to stm32f1xx_hal_i2c.o(i.I2C_Slave_AF) for I2C_Slave_AF
    stm32f1xx_hal_i2c.o(i.HAL_I2C_ER_IRQHandler) refers to stm32f1xx_hal_i2c.o(i.I2C_ITError) for I2C_ITError
    stm32f1xx_hal_i2c.o(i.HAL_I2C_EV_IRQHandler) refers to stm32f1xx_hal_i2c.o(i.I2C_Slave_ADDR) for I2C_Slave_ADDR
    stm32f1xx_hal_i2c.o(i.HAL_I2C_EV_IRQHandler) refers to stm32f1xx_hal_i2c.o(i.I2C_Master_SB) for I2C_Master_SB
    stm32f1xx_hal_i2c.o(i.HAL_I2C_EV_IRQHandler) refers to stm32f1xx_hal_i2c.o(i.I2C_Master_ADDR) for I2C_Master_ADDR
    stm32f1xx_hal_i2c.o(i.HAL_I2C_EV_IRQHandler) refers to stm32f1xx_hal_i2c.o(i.I2C_MasterTransmit_TXE) for I2C_MasterTransmit_TXE
    stm32f1xx_hal_i2c.o(i.HAL_I2C_EV_IRQHandler) refers to stm32f1xx_hal_i2c.o(i.I2C_MemoryTransmit_TXE_BTF) for I2C_MemoryTransmit_TXE_BTF
[...]
    .text                                    0x080004c4   Section        2  use_no_semi.o(.text)
    .text                                    0x080004c6   Section        0  indicate_semi.o(.text)
    .text                                    0x080004c8   Section        0  sys_exit.o(.text)
    i.BusFault_Handler                       0x080004d4   Section        0  stm32f1xx_it.o(i.BusFault_Handler)
    i.DebugMon_Handler                       0x080004d6   Section        0  stm32f1xx_it.o(i.DebugMon_Handler)
    i.Error_Handler                          0x080004d8   Section        0  main.o(i.Error_Handler)
    i.HAL_Delay                              0x080004dc   Section        0  stm32f1xx_hal.o(i.HAL_Delay)
    i.HAL_GPIO_Init                          0x08000500   Section        0  stm32f1xx_hal_gpio.o(i.HAL_GPIO_Init)
    i.HAL_GetTick                            0x080006e0   Section        0  stm32f1xx_hal.o(i.HAL_GetTick)
    i.HAL_I2C_Init                           0x080006ec   Section        0  stm32f1xx_hal_i2c.o(i.HAL_I2C_Init)
    i.HAL_I2C_Master_Transmit                0x08000874   Section        0  stm32f1xx_hal_i2c.o(i.HAL_I2C_Master_Transmit)
    i.HAL_I2C_MspInit                        0x080009a0   Section        0  i2c.o(i.HAL_I2C_MspInit)
    i.HAL_IncTick                            0x08000a00   Section        0  stm32f1xx_hal.o(i.HAL_IncTick)
    i.HAL_Init                               0x08000a10   Section        0  stm32f1xx_hal.o(i.HAL_Init)
    i.HAL_InitTick                           0x08000a34   Section        0  stm32f1xx_hal.o(i.HAL_InitTick)
    i.HAL_MspInit                            0x08000a74   Section        0  stm32f1xx_hal_msp.o(i.HAL_MspInit)
    i.HAL_NVIC_SetPriority                   0x08000ab0   Section        0  stm32f1xx_hal_cortex.o(i.HAL_NVIC_SetPriority)
    i.HAL_NVIC_SetPriorityGrouping           0x08000af0   Section        0  stm32f1xx_hal_cortex.o(i.HAL_NVIC_SetPriorityGrouping)
    i.HAL_RCC_ClockConfig                    0x08000b14   Section        0  stm32f1xx_hal_rcc.o(i.HAL_RCC_ClockConfig)
    i.HAL_RCC_GetPCLK1Freq                   0x08000c40   Section        0  stm32f1xx_hal_rcc.o(i.HAL_RCC_GetPCLK1Freq)
    i.HAL_RCC_GetSysClockFreq                0x08000c60   Section        0  stm32f1xx_hal_rcc.o(i.HAL_RCC_GetSysClockFreq)
    i.HAL_RCC_OscConfig                      0x08000ccc   Section        0  stm32f1xx_hal_rcc.o(i.HAL_RCC_OscConfig)
    i.HAL_SYSTICK_Config                     0x08000fec   Section        0  stm32f1xx_hal_cortex.o(i.HAL_SYSTICK_Config)
    i.HAL_TIMEx_MasterConfigSynchronization  0x08001014   Section        0  stm32f1xx_hal_tim_ex.o(i.HAL_TIMEx_MasterConfigSynchronization)
    i.HAL_TIM_Base_Init                      0x0800107c   Section        0  stm32f1xx_hal_tim.o(i.HAL_TIM_Base_Init)
    i.HAL_TIM_Base_MspInit                   0x080010d8   Section        0  tim.o(i.HAL_TIM_Base_MspInit)
    i.HAL_TIM_ConfigClockSource              0x08001100   Section        0  stm32f1xx_hal_tim.o(i.HAL_TIM_ConfigClockSource)
    i.HardFault_Handler                      0x080011d6   Section        0  stm32f1xx_it.o(i.HardFault_Handler)
    i.I2C_IsAcknowledgeFailed                0x080011d8   Section        0  stm32f1xx_hal_i2c.o(i.I2C_IsAcknowledgeFailed)
    I2C_IsAcknowledgeFailed                  0x080011d9   Thumb Code    46  stm32f1xx_hal_i2c.o(i.I2C_IsAcknowledgeFailed)
    i.I2C_MasterRequestWrite                 0x08001208   Section        0  stm32f1xx_hal_i2c.o(i.I2C_MasterRequestWrite)
    I2C_MasterRequestWrite                   0x08001209   Thumb Code   150  stm32f1xx_hal_i2c.o(i.I2C_MasterRequestWrite)
    i.I2C_WaitOnBTFFlagUntilTimeout          0x080012a4   Section        0  stm32f1xx_hal_i2c.o(i.I2C_WaitOnBTFFlagUntilTimeout)
    I2C_WaitOnBTFFlagUntilTimeout            0x080012a5   Thumb Code    76  stm32f1xx_hal_i2c.o(i.I2C_WaitOnBTFFlagUntilTimeout)
    i.I2C_WaitOnFlagUntilTimeout             0x080012f0   Section        0  stm32f1xx_hal_i2c.o(i.I2C_WaitOnFlagUntilTimeout)
    I2C_WaitOnFlagUntilTimeout               0x080012f1   Thumb Code   104  stm32f1xx_hal_i2c.o(i.I2C_WaitOnFlagUntilTimeout)
    i.I2C_WaitOnMasterAddressFlagUntilTimeout 0x08001358   Section        0  stm32f1xx_hal_i2c.o(i.I2C_WaitOnMasterAddressFlagUntilTimeout)
    I2C_WaitOnMasterAddressFlagUntilTimeout  0x08001359   Thumb Code   150  stm32f1xx_hal_i2c.o(i.I2C_WaitOnMasterAddressFlagUntilTimeout)
    i.I2C_WaitOnTXEFlagUntilTimeout          0x080013ee   Section        0  stm32f1xx_hal_i2c.o(i.I2C_WaitOnTXEFlagUntilTimeout)
    I2C_WaitOnTXEFlagUntilTimeout            0x080013ef   Thumb Code    76  stm32f1xx_hal_i2c.o(i.I2C_WaitOnTXEFlagUntilTimeout)
    i.MX_GPIO_Init                           0x0800143c   Section        0  gpio.o(i.MX_GPIO_Init)
    i.MX_I2C2_Init                           0x08001478   Section        0  i2c.o(i.MX_I2C2_Init)
    i.MX_TIM1_Init                           0x080014b8   Section        0  tim.o(i.MX_TIM1_Init)
    i.MemManage_Handler                      0x08001520   Section        0  stm32f1xx_it.o(i.MemManage_Handler)
    i.NMI_Handler                            0x08001522   Section        0  stm32f1xx_it.o(i.NMI_Handler)
    i.PendSV_Handler                         0x08001524   Section        0  stm32f1xx_it.o(i.PendSV_Handler)
    i.SVC_Handler                            0x08001526   Section        0  stm32f1xx_it.o(i.SVC_Handler)
    i.SysTick_Handler                        0x08001528   Section        0  stm32f1xx_it.o(i.SysTick_Handler)
    i.SystemClock_Config                     0x0800152c   Section        0  main.o(i.SystemClock_Config)
    i.SystemInit                             0x0800158a   Section        0  system_stm32f1xx.o(i.SystemInit)
    i.TIM_Base_SetConfig                     0x0800158c   Section        0  stm32f1xx_hal_tim.o(i.TIM_Base_SetConfig)
    i.TIM_ETR_SetConfig                      0x080015f8   Section        0  stm32f1xx_hal_tim.o(i.TIM_ETR_SetConfig)
    i.TIM_ITRx_SetConfig                     0x0800160c   Section        0  stm32f1xx_hal_tim.o(i.TIM_ITRx_SetConfig)
    TIM_ITRx_SetConfig                       0x0800160d   Thumb Code    16  stm32f1xx_hal_tim.o(i.TIM_ITRx_SetConfig)
    i.TIM_TI1_ConfigInputStage               0x0800161c   Section        0  stm32f1xx_hal_tim.o(i.TIM_TI1_ConfigInputStage)
    TIM_TI1_ConfigInputStage                 0x0800161d   Thumb Code    34  stm32f1xx_hal_tim.o(i.TIM_TI1_ConfigInputStage)
    i.TIM_TI2_ConfigInputStage               0x0800163e   Section        0  stm32f1xx_hal_tim.o(i.TIM_TI2_ConfigInputStage)
    TIM_TI2_ConfigInputStage                 0x0800163f   Thumb Code    36  stm32f1xx_hal_tim.o(i.TIM_TI2_ConfigInputStage)
    i.Tims_delay_us                          0x08001664   Section        0  tim.o(i.Tims_delay_us)
    i.UsageFault_Handler                     0x080016a0   Section        0  stm32f1xx_it.o(i.UsageFault_Handler)
    i.__NVIC_SetPriority                     0x080016a2   Section        0  stm32f1xx_hal_cortex.o(i.__NVIC_SetPriority)
    __NVIC_SetPriority                       0x080016a3   Thumb Code    32  stm32f1xx_hal_cortex.o(i.__NVIC_SetPriority)
    i.draw                                   0x080016c4   Section        0  stm32_u8g2.o(i.draw)
    i.main                                   0x080017c4   Section        0  main.o(i.main)
    i.testDrawMulti                          0x08001800   Section        0  test.o(i.testDrawMulti)
    i.testDrawProcess                        0x080019b0   Section        0  test.o(i.testDrawProcess)
    i.testDrawXBM                            0x08001a74   Section        0  test.o(i.testDrawXBM)
    i.testShowFont                           0x08001afc   Section        0  test.o(i.testShowFont)
    i.u8g2DrawTest                           0x08001b90   Section        0  test.o(i.u8g2DrawTest)
    i.u8g2Init                               0x08001bb0   Section        0  stm32_u8g2.o(i.u8g2Init)
    i.u8g2_ClearBuffer                       0x08001be4   Section        0  u8g2_buffer.o(i.u8g2_ClearBuffer)
    i.u8g2_DrawBox                           0x08001bf6   Section        0  u8g2_box.o(i.u8g2_DrawBox)
    i.u8g2_DrawCircle                        0x08001c3a   Section        0  u8g2_circle.o(i.u8g2_DrawCircle)
    i.u8g2_DrawDisc                          0x08001c7a   Section        0  u8g2_circle.o(i.u8g2_DrawDisc)
    i.u8g2_DrawEllipse                       0x08001cba   Section        0  u8g2_circle.o(i.u8g2_DrawEllipse)
    i.u8g2_DrawFilledEllipse                 0x08001cfe   Section        0  u8g2_circle.o(i.u8g2_DrawFilledEllipse)
    i.u8g2_DrawFrame                         0x08001d42   Section        0  u8g2_box.o(i.u8g2_DrawFrame)
    i.u8g2_DrawGlyph                         0x08001dca   Section        0  u8g2_font.o(i.u8g2_DrawGlyph)
    i.u8g2_DrawHLine                         0x08001e3a   Section        0  u8g2_hvline.o(i.u8g2_DrawHLine)
    i.u8g2_DrawHVLine                        0x08001e48   Section        0  u8g2_hvline.o(i.u8g2_DrawHVLine)
    i.u8g2_DrawHXBM                          0x08001ef4   Section        0  u8g2_bitmap.o(i.u8g2_DrawHXBM)
    i.u8g2_DrawPixel                         0x08001f88   Section        0  u8g2_hvline.o(i.u8g2_DrawPixel)
    i.u8g2_DrawRBox                          0x08001fb6   Section        0  u8g2_box.o(i.u8g2_DrawRBox)
    i.u8g2_DrawRFrame                        0x0800209c   Section        0  u8g2_box.o(i.u8g2_DrawRFrame)
    i.u8g2_DrawStr                           0x080021a0   Section        0  u8g2_font.o(i.u8g2_DrawStr)
    i.u8g2_DrawVLine                         0x080021b0   Section        0  u8g2_hvline.o(i.u8g2_DrawVLine)
    i.u8g2_DrawXBM                           0x080021bc   Section        0  u8g2_bitmap.o(i.u8g2_DrawXBM)
    i.u8g2_FirstPage                         0x08002208   Section        0  u8g2_buffer.o(i.u8g2_FirstPage)
    i.u8g2_IsIntersection                    0x08002224   Section        0  u8g2_intersection.o(i.u8g2_IsIntersection)
    i.u8g2_NextPage                          0x08002254   Section        0  u8g2_buffer.o(i.u8g2_NextPage)
    i.u8g2_SendBuffer                        0x08002292   Section        0  u8g2_buffer.o(i.u8g2_SendBuffer)
    i.u8g2_SetBufferCurrTileRow              0x080022a4   Section        0  u8g2_buffer.o(i.u8g2_SetBufferCurrTileRow)
    i.u8g2_SetFont                           0x080022c0   Section        0  u8g2_font.o(i.u8g2_SetFont)
    i.u8g2_SetFontDirection                  0x080022e0   Section        0  u8g2_font.o(i.u8g2_SetFontDirection)
    i.u8g2_SetFontMode                       0x080022e6   Section        0  u8g2_font.o(i.u8g2_SetFontMode)
    i.u8g2_SetFontPosBaseline                0x080022ec   Section        0  u8g2_font.o(i.u8g2_SetFontPosBaseline)
    i.u8g2_SetMaxClipWindow                  0x080022f8   Section        0  u8g2_setup.o(i.u8g2_SetMaxClipWindow)
    i.u8g2_SetupBuffer                       0x08002314   Section        0  u8g2_setup.o(i.u8g2_SetupBuffer)
    i.u8g2_Setup_ssd1306_i2c_128x64_noname_f 0x08002358   Section        0  u8g2_d_setup.o(i.u8g2_Setup_ssd1306_i2c_128x64_noname_f)
    i.u8g2_UpdateRefHeight                   0x08002390   Section        0  u8g2_font.o(i.u8g2_UpdateRefHeight)
    i.u8g2_add_vector_x                      0x080023e2   Section        0  u8g2_font.o(i.u8g2_add_vector_x)
    i.u8g2_add_vector_y                      0x080023fe   Section        0  u8g2_font.o(i.u8g2_add_vector_y)
    i.u8g2_apply_clip_window                 0x0800241a   Section        0  u8g2_setup.o(i.u8g2_apply_clip_window)
    u8g2_apply_clip_window                   0x0800241b   Thumb Code   110  u8g2_setup.o(i.u8g2_apply_clip_window)
    i.u8g2_clip_intersection2                0x08002488   Section        0  u8g2_hvline.o(i.u8g2_clip_intersection2)
    u8g2_clip_intersection2                  0x08002489   Thumb Code    60  u8g2_hvline.o(i.u8g2_clip_intersection2)
    i.u8g2_draw_circle                       0x080024c4   Section        0  u8g2_circle.o(i.u8g2_draw_circle)
    u8g2_draw_circle                         0x080024c5   Thumb Code   106  u8g2_circle.o(i.u8g2_draw_circle)
    i.u8g2_draw_circle_section               0x0800252e   Section        0  u8g2_circle.o(i.u8g2_draw_circle_section)
    u8g2_draw_circle_section                 0x0800252f   Thumb Code   186  u8g2_circle.o(i.u8g2_draw_circle_section)
    i.u8g2_draw_disc                         0x080025e8   Section        0  u8g2_circle.o(i.u8g2_draw_disc)
    u8g2_draw_disc                           0x080025e9   Thumb Code   106  u8g2_circle.o(i.u8g2_draw_disc)
    i.u8g2_draw_disc_section                 0x08002652   Section        0  u8g2_circle.o(i.u8g2_draw_disc_section)
    u8g2_draw_disc_section                   0x08002653   Thumb Code   204  u8g2_circle.o(i.u8g2_draw_disc_section)
    i.u8g2_draw_ellipse                      0x0800271e   Section        0  u8g2_circle.o(i.u8g2_draw_ellipse)
    u8g2_draw_ellipse                        0x0800271f   Thumb Code   220  u8g2_circle.o(i.u8g2_draw_ellipse)
    i.u8g2_draw_ellipse_section              0x080027fa   Section        0  u8g2_circle.o(i.u8g2_draw_ellipse_section)
    u8g2_draw_ellipse_section                0x080027fb   Thumb Code    96  u8g2_circle.o(i.u8g2_draw_ellipse_section)
    i.u8g2_draw_filled_ellipse               0x0800285a   Section        0  u8g2_circle.o(i.u8g2_draw_filled_ellipse)
    u8g2_draw_filled_ellipse                 0x0800285b   Thumb Code   220  u8g2_circle.o(i.u8g2_draw_filled_ellipse)
    i.u8g2_draw_filled_ellipse_section       0x08002936   Section        0  u8g2_circle.o(i.u8g2_draw_filled_ellipse_section)
    u8g2_draw_filled_ellipse_section         0x08002937   Thumb Code   106  u8g2_circle.o(i.u8g2_draw_filled_ellipse_section)
    i.u8g2_draw_hv_line_2dir                 0x080029a0   Section        0  u8g2_hvline.o(i.u8g2_draw_hv_line_2dir)
    i.u8g2_draw_l90_r0                       0x080029b2   Section        0  u8g2_setup.o(i.u8g2_draw_l90_r0)
    i.u8g2_draw_string                       0x080029be   Section        0  u8g2_font.o(i.u8g2_draw_string)
    u8g2_draw_string                         0x080029bf   Thumb Code   118  u8g2_font.o(i.u8g2_draw_string)
    i.u8g2_font_calc_vref_font               0x08002a34   Section        0  u8g2_font.o(i.u8g2_font_calc_vref_font)
    i.u8g2_font_decode_get_signed_bits       0x08002a38   Section        0  u8g2_font.o(i.u8g2_font_decode_get_signed_bits)
    i.u8g2_font_decode_get_unsigned_bits     0x08002a4c   Section        0  u8g2_font.o(i.u8g2_font_decode_get_unsigned_bits)
    i.u8g2_font_decode_glyph                 0x08002a80   Section        0  u8g2_font.o(i.u8g2_font_decode_glyph)
    i.u8g2_font_decode_len                   0x08002b94   Section        0  u8g2_font.o(i.u8g2_font_decode_len)
    i.u8g2_font_get_glyph_data               0x08002c20   Section        0  u8g2_font.o(i.u8g2_font_get_glyph_data)
    i.u8g2_font_get_word                     0x08002c92   Section        0  u8g2_font.o(i.u8g2_font_get_word)
    u8g2_font_get_word                       0x08002c93   Thumb Code    20  u8g2_font.o(i.u8g2_font_get_word)
    i.u8g2_font_setup_decode                 0x08002ca6   Section        0  u8g2_font.o(i.u8g2_font_setup_decode)
    u8g2_font_setup_decode                   0x08002ca7   Thumb Code    52  u8g2_font.o(i.u8g2_font_setup_decode)
    i.u8g2_is_intersection_decision_tree     0x08002cda   Section        0  u8g2_intersection.o(i.u8g2_is_intersection_decision_tree)
    i.u8g2_ll_hvline_vertical_top_lsb        0x08002cf4   Section        0  u8g2_ll_hvline.o(i.u8g2_ll_hvline_vertical_top_lsb)
    i.u8g2_m_16_8_f                          0x08002d84   Section        0  u8g2_d_memory.o(i.u8g2_m_16_8_f)
    i.u8g2_read_font_info                    0x08002d90   Section        0  u8g2_font.o(i.u8g2_read_font_info)
    i.u8g2_send_buffer                       0x08002dfa   Section        0  u8g2_buffer.o(i.u8g2_send_buffer)
    u8g2_send_buffer                         0x08002dfb   Thumb Code    78  u8g2_buffer.o(i.u8g2_send_buffer)
    i.u8g2_update_dimension_common           0x08002e48   Section        0  u8g2_setup.o(i.u8g2_update_dimension_common)
    u8g2_update_dimension_common             0x08002e49   Thumb Code    70  u8g2_setup.o(i.u8g2_update_dimension_common)
    i.u8g2_update_dimension_r0               0x08002e8e   Section        0  u8g2_setup.o(i.u8g2_update_dimension_r0)
    i.u8g2_update_page_win_r0                0x08002e92   Section        0  u8g2_setup.o(i.u8g2_update_page_win_r0)
    i.u8x8_DrawTile                          0x08002eb4   Section        0  u8x8_display.o(i.u8x8_DrawTile)
    i.u8x8_InitDisplay                       0x08002ed2   Section        0  u8x8_display.o(i.u8x8_InitDisplay)
    i.u8x8_RefreshDisplay                    0x08002ee2   Section        0  u8x8_display.o(i.u8x8_RefreshDisplay)
    i.u8x8_SetPowerSave                      0x08002ef2   Section        0  u8x8_display.o(i.u8x8_SetPowerSave)
    i.u8x8_Setup                             0x08002f02   Section        0  u8x8_setup.o(i.u8x8_Setup)
    i.u8x8_SetupDefaults                     0x08002f24   Section        0  u8x8_setup.o(i.u8x8_SetupDefaults)
    i.u8x8_SetupMemory                       0x08002f48   Section        0  u8x8_display.o(i.u8x8_SetupMemory)
    i.u8x8_ascii_next                        0x08002f58   Section        0  u8x8_8x8.o(i.u8x8_ascii_next)
    i.u8x8_byte_EndTransfer                  0x08002f66   Section        0  u8x8_byte.o(i.u8x8_byte_EndTransfer)
    i.u8x8_byte_SendByte                     0x08002f76   Section        0  u8x8_byte.o(i.u8x8_byte_SendByte)
    i.u8x8_byte_StartTransfer                0x08002f84   Section        0  u8x8_byte.o(i.u8x8_byte_StartTransfer)
    i.u8x8_byte_hw_i2c                       0x08002f94   Section        0  stm32_u8g2.o(i.u8x8_byte_hw_i2c)
    i.u8x8_cad_EndTransfer                   0x08003004   Section        0  u8x8_cad.o(i.u8x8_cad_EndTransfer)
    i.u8x8_cad_SendArg                       0x08003014   Section        0  u8x8_cad.o(i.u8x8_cad_SendArg)
    i.u8x8_cad_SendCmd                       0x08003024   Section        0  u8x8_cad.o(i.u8x8_cad_SendCmd)
    i.u8x8_cad_SendData                      0x08003034   Section        0  u8x8_cad.o(i.u8x8_cad_SendData)
    i.u8x8_cad_SendSequence                  0x08003044   Section        0  u8x8_cad.o(i.u8x8_cad_SendSequence)
    i.u8x8_cad_StartTransfer                 0x080030ac   Section        0  u8x8_cad.o(i.u8x8_cad_StartTransfer)
    i.u8x8_cad_ssd13xx_fast_i2c              0x080030bc   Section        0  u8x8_cad.o(i.u8x8_cad_ssd13xx_fast_i2c)
    i.u8x8_d_helper_display_init             0x08003178   Section        0  u8x8_display.o(i.u8x8_d_helper_display_init)
    i.u8x8_d_helper_display_setup_memory     0x080031d8   Section        0  u8x8_display.o(i.u8x8_d_helper_display_setup_memory)
    i.u8x8_d_ssd1306_128x64_noname           0x080031e4   Section        0  u8x8_d_ssd1306_128x64_noname.o(i.u8x8_d_ssd1306_128x64_noname)
    i.u8x8_d_ssd1306_sh1106_generic          0x08003220   Section        0  u8x8_d_ssd1306_128x64_noname.o(i.u8x8_d_ssd1306_sh1106_generic)
    u8x8_d_ssd1306_sh1106_generic            0x08003221   Thumb Code   196  u8x8_d_ssd1306_128x64_noname.o(i.u8x8_d_ssd1306_sh1106_generic)
    i.u8x8_dummy_cb                          0x080032e8   Section        0  u8x8_setup.o(i.u8x8_dummy_cb)
    i.u8x8_gpio_and_delay                    0x080032ec   Section        0  stm32_u8g2.o(i.u8x8_gpio_and_delay)
    i.u8x8_gpio_call                         0x08003356   Section        0  u8x8_gpio.o(i.u8x8_gpio_call)
    i.u8x8_i2c_data_transfer                 0x08003362   Section        0  u8x8_cad.o(i.u8x8_i2c_data_transfer)
    u8x8_i2c_data_transfer                   0x08003363   Thumb Code    44  u8x8_cad.o(i.u8x8_i2c_data_transfer)
    i.u8x8_utf8_init                         0x0800338e   Section        0  u8x8_8x8.o(i.u8x8_utf8_init)
    x$fpl$ddiv                               0x08003398   Section      688  ddiv.o(x$fpl$ddiv)
    ddiv_entry                               0x0800339f   Thumb Code     0  ddiv.o(x$fpl$ddiv)
    x$fpl$dfix                               0x08003648   Section       94  dfix.o(x$fpl$dfix)
    x$fpl$dflt                               0x080036a6   Section       46  dflt_clz.o(x$fpl$dflt)
    x$fpl$dmul                               0x080036d4   Section      340  dmul.o(x$fpl$dmul)
    x$fpl$dnaninf                            0x08003828   Section      156  dnaninf.o(x$fpl$dnaninf)
    x$fpl$dretinf                            0x080038c4   Section       12  dretinf.o(x$fpl$dretinf)
    .constdata                               0x080038d0   Section       16  system_stm32f1xx.o(.constdata)
    x$fpl$usenofp                            0x080038d0   Section        0  usenofp.o(x$fpl$usenofp)
    .constdata                               0x080038e0   Section        8  system_stm32f1xx.o(.constdata)
    .constdata                               0x080038e8   Section     1536  test.o(.constdata)
    .constdata                               0x08003ee8   Section     1838  u8g2_fonts.o(.constdata)
    .constdata                               0x08004616   Section      734  u8g2_fonts.o(.constdata)
    .constdata                               0x080048f4   Section     2518  u8g2_fonts.o(.constdata)
    .constdata                               0x080052ca   Section     1619  u8g2_fonts.o(.constdata)
    .constdata                               0x0800591d   Section     3953  u8g2_fonts.o(.constdata)
    .constdata                               0x0800688e   Section     8831  u8g2_fonts.o(.constdata)
    .constdata                               0x08008b0d   Section      805  u8g2_fonts.o(.constdata)
    .constdata                               0x08008e34   Section       12  u8g2_setup.o(.constdata)
    .constdata                               0x08008e40   Section      344  u8x8_d_ssd1306_128x64_noname.o(.constdata)
    u8x8_d_ssd1306_128x64_noname_powersave0_seq 0x08008e40   Data           5  u8x8_d_ssd1306_128x64_noname.o(.constdata)
    u8x8_d_ssd1306_128x64_noname_powersave1_seq 0x08008e45   Data           5  u8x8_d_ssd1306_128x64_noname.o(.constdata)
    u8x8_d_ssd1306_128x64_noname_flip0_seq   0x08008e4a   Data           7  u8x8_d_ssd1306_128x64_noname.o(.constdata)
    u8x8_d_ssd1306_128x64_noname_flip1_seq   0x08008e51   Data           7  u8x8_d_ssd1306_128x64_noname.o(.constdata)
    u8x8_d_ssd1312_128x64_noname_flip0_seq   0x08008e58   Data           7  u8x8_d_ssd1306_128x64_noname.o(.constdata)
    u8x8_d_ssd1312_128x64_noname_flip1_seq   0x08008e5f   Data           7  u8x8_d_ssd1306_128x64_noname.o(.constdata)
    u8x8_d_ssd1306_128x64_noname_init_seq    0x08008e66   Data          53  u8x8_d_ssd1306_128x64_noname.o(.constdata)
    u8x8_d_ssd1306_128x64_vcomh0_init_seq    0x08008e9b   Data          53  u8x8_d_ssd1306_128x64_noname.o(.constdata)
    u8x8_d_ssd1306_128x64_alt0_init_seq      0x08008ed0   Data          53  u8x8_d_ssd1306_128x64_noname.o(.constdata)
    u8x8_d_sh1106_128x64_winstar_init_seq    0x08008f05   Data          45  u8x8_d_ssd1306_128x64_noname.o(.constdata)
    u8x8_d_ssd1312_128x64_noname_init_seq    0x08008f32   Data          53  u8x8_d_ssd1306_128x64_noname.o(.constdata)
    u8x8_ssd1306_128x64_noname_display_info  0x08008f68   Data          24  u8x8_d_ssd1306_128x64_noname.o(.constdata)
    u8x8_sh1106_128x64_noname_display_info   0x08008f80   Data          24  u8x8_d_ssd1306_128x64_noname.o(.constdata)
    .data                                    0x20000000   Section       12  stm32f1xx_hal.o(.data)
    .data                                    0x2000000c   Section        4  system_stm32f1xx.o(.data)
    .data                                    0x20000010   Section        1  stm32_u8g2.o(.data)
    buf_idx                                  0x20000010   Data           1  stm32_u8g2.o(.data)
    .data                                    0x20000011   Section        6  u8x8_cad.o(.data)
    in_transfer                              0x20000011   Data           1  u8x8_cad.o(.data)
    in_transfer                              0x20000012   Data           1  u8x8_cad.o(.data)
    in_transfer                              0x20000013   Data           1  u8x8_cad.o(.data)
    is_data                                  0x20000014   Data           1  u8x8_cad.o(.data)
    in_transfer                              0x20000015   Data           1  u8x8_cad.o(.data)
    is_data                                  0x20000016   Data           1  u8x8_cad.o(.data)
    .bss                                     0x20000018   Section       84  i2c.o(.bss)
    .bss                                     0x2000006c   Section       72  tim.o(.bss)
    .bss                                     0x200000b4   Section      128  stm32_u8g2.o(.bss)
    buffer                                   0x200000b4   Data         128  stm32_u8g2.o(.bss)
    .bss                                     0x20000134   Section     1024  u8g2_d_memory.o(.bss)
    buf                                      0x20000134   Data        1024  u8g2_d_memory.o(.bss)
    .bss                                     0x20000534   Section       96  libspace.o(.bss)
    HEAP                                     0x20000598   Section      512  startup_stm32f103xb.o(HEAP)
    Heap_Mem                                 0x20000598   Data         512  startup_stm32f103xb.o(HEAP)
    STACK                                    0x20000798   Section     1024  startup_stm32f103xb.o(STACK)
    Stack_Mem                                0x20000798   Data        1024  startup_stm32f103xb.o(STACK)
    __initial_sp                             0x20000b98   Data           0  startup_stm32f103xb.o(STACK)

    Global Symbols

    Symbol Name                              Value     Ov Type        Size  Object(Section)

    BuildAttributes$$THM_ISAv4$P$D$K$B$S$PE$A:L22UL41UL21$X:L11$S22US41US21$IEEE1$IW$USESV6$~STKCKD$USESV7$~SHL$OTIME$ROPI$EBA8$UX$STANDARDLIB$REQ8$PRES8$EABIv2 0x00000000   Number         0  anon$$obj.o ABSOLUTE
    __ARM_use_no_argv                        0x00000000   Number         0  main.o ABSOLUTE
    __ARM_exceptions_init                     - Undefined Weak Reference
    __alloca_initialize                       - Undefined Weak Reference
    __arm_preinit_                            - Undefined Weak Reference
    __cpp_initialize__aeabi_                  - Undefined Weak Reference
    __cxa_finalize                            - Undefined Weak Reference
    __rt_locale                               - Undefined Weak Reference
    __sigvec_lookup                           - Undefined Weak Reference
    __user_heap_extent                        - Undefined Weak Reference
    _atexit_init                              - Undefined Weak Reference
    _call_atexit_fns                          - Undefined Weak Reference
    _clock_init                               - Undefined Weak Reference
    _fp_trap_init                             - Undefined Weak Reference
    _fp_trap_shutdown                         - Undefined Weak Reference
    _get_lc_collate                           - Undefined Weak Reference
    _get_lc_ctype                             - Undefined Weak Reference
    _get_lc_monetary                          - Undefined Weak Reference
    _get_lc_numeric                           - Undefined Weak Reference
    _get_lc_time                              - Undefined Weak Reference
    _getenv_init                              - Undefined Weak Reference
    _handle_redirection                       - Undefined Weak Reference
    _mutex_acquire                            - Undefined Weak Reference
    _mutex_free                               - Undefined Weak Reference
    _mutex_release                            - Undefined Weak Reference
    _printf_post_padding                      - Undefined Weak Reference
    _printf_pre_padding                       - Undefined Weak Reference
    _printf_truncate_signed                   - Undefined Weak Reference
    _printf_truncate_unsigned                 - Undefined Weak Reference
    _rand_init                                - Undefined Weak Reference
    _signal_finish                            - Undefined Weak Reference
    _signal_init                              - Undefined Weak Reference
    __Vectors_Size                           0x000000ec   Number         0  startup_stm32f103xb.o ABSOLUTE
    __Vectors                                0x08000000   Data           4  startup_stm32f103xb.o(RESET)
    __Vectors_End                            0x080000ec   Data           0  startup_stm32f103xb.o(RESET)
    __main                                   0x080000ed   Thumb Code     8  __main.o(!!!main)
    __scatterload                            0x080000f5   Thumb Code     0  __scatter.o(!!!scatter)
    __scatterload_rt2                        0x080000f5   Thumb Code    44  __scatter.o(!!!scatter)
    __scatterload_rt2_thumb_only             0x080000f5   Thumb Code     0  __scatter.o(!!!scatter)
    __scatterload_null                       0x08000103   Thumb Code     0  __scatter.o(!!!scatter)
    __scatterload_copy                       0x08000129   Thumb Code    26  __scatter_copy.o(!!handler_copy)
    __scatterload_zeroinit                   0x08000145   Thumb Code    28  __scatter_zi.o(!!handler_zi)
    _printf_d                                0x08000161   Thumb Code     0  _printf_d.o(.ARM.Collect$$_printf_percent$$00000009)
    _printf_percent                          0x08000161   Thumb Code     0  _printf_percent.o(.ARM.Collect$$_printf_percent$$00000000)
    _printf_percent_end                      0x08000167   Thumb Code     0  _printf_percent_end.o(.ARM.Collect$$_printf_percent$$00000017)
    __rt_lib_init                            0x0800016b   Thumb Code     0  libinit.o(.ARM.Collect$$libinit$$00000000)
    __rt_lib_init_alloca_1                   0x0800016d   Thumb Code     0  libinit2.o(.ARM.Collect$$libinit$$0000002E)
    __rt_lib_init_argv_1                     0x0800016d   Thumb Code     0  libinit2.o(.ARM.Collect$$libinit$$0000002C)
    __rt_lib_init_atexit_1                   0x0800016d   Thumb Code     0  libinit2.o(.ARM.Collect$$libinit$$0000001B)
    __rt_lib_init_clock_1                    0x0800016d   Thumb Code     0  libinit2.o(.ARM.Collect$$libinit$$00000021)
    __rt_lib_init_cpp_1                      0x0800016d   Thumb Code     0  libinit2.o(.ARM.Collect$$libinit$$00000032)
    __rt_lib_init_exceptions_1               0x0800016d   Thumb Code     0  libinit2.o(.ARM.Collect$$libinit$$00000030)
    __rt_lib_init_fp_1                       0x0800016d   Thumb Code     0  libinit2.o(.ARM.Collect$$libinit$$00000002)
    __rt_lib_init_fp_trap_1                  0x0800016d   Thumb Code     0  libinit2.o(.ARM.Collect$$libinit$$0000001F)
    __rt_lib_init_getenv_1                   0x0800016d   Thumb Code     0  libinit2.o(.ARM.Collect$$libinit$$00000023)
    __rt_lib_init_heap_1                     0x0800016d   Thumb Code     0  libinit2.o(.ARM.Collect$$libinit$$0000000A)
    __rt_lib_init_lc_collate_1               0x0800016d   Thumb Code     0  libinit2.o(.ARM.Collect$$libinit$$00000011)
    __rt_lib_init_lc_ctype_1                 0x0800016d   Thumb Code     0  libinit2.o(.ARM.Collect$$libinit$$00000013)
    __rt_lib_init_lc_monetary_1              0x0800016d   Thumb Code     0  libinit2.o(.ARM.Collect$$libinit$$00000015)
    __rt_lib_init_lc_numeric_1               0x0800016d   Thumb Code     0  libinit2.o(.ARM.Collect$$libinit$$00000017)
    __rt_lib_init_lc_time_1                  0x0800016d   Thumb Code     0  libinit2.o(.ARM.Collect$$libinit$$00000019)
    __rt_lib_init_preinit_1                  0x0800016d   Thumb Code     0  libinit2.o(.ARM.Collect$$libinit$$00000004)
    __rt_lib_init_rand_1                     0x0800016d   Thumb Code     0  libinit2.o(.ARM.Collect$$libinit$$0000000E)
    __rt_lib_init_return                     0x0800016d   Thumb Code     0  libinit2.o(.ARM.Collect$$libinit$$00000033)
    __rt_lib_init_signal_1                   0x0800016d   Thumb Code     0  libinit2.o(.ARM.Collect$$libinit$$0000001D)
    __rt_lib_init_stdio_1                    0x0800016d   Thumb Code     0  libinit2.o(.ARM.Collect$$libinit$$00000025)
    __rt_lib_init_user_alloc_1               0x0800016d   Thumb Code     0  libinit2.o(.ARM.Collect$$libinit$$0000000C)
    __rt_lib_shutdown                        0x0800016f   Thumb Code     0  libshutdown.o(.ARM.Collect$$libshutdown$$00000000)
    __rt_lib_shutdown_cpp_1                  0x08000171   Thumb Code     0  libshutdown2.o(.ARM.Collect$$libshutdown$$00000002)
    __rt_lib_shutdown_fp_trap_1              0x08000171   Thumb Code     0  libshutdown2.o(.ARM.Collect$$libshutdown$$00000007)
    __rt_lib_shutdown_heap_1                 0x08000171   Thumb Code     0  libshutdown2.o(.ARM.Collect$$libshutdown$$0000000F)
    __rt_lib_shutdown_return                 0x08000171   Thumb Code     0  libshutdown2.o(.ARM.Collect$$libshutdown$$00000010)
    __rt_lib_shutdown_signal_1               0x08000171   Thumb Code     0  libshutdown2.o(.ARM.Collect$$libshutdown$$0000000A)
    __rt_lib_shutdown_stdio_1                0x08000171   Thumb Code     0  libshutdown2.o(.ARM.Collect$$libshutdown$$00000004)
    __rt_lib_shutdown_user_alloc_1           0x08000171   Thumb Code     0  libshutdown2.o(.ARM.Collect$$libshutdown$$0000000C)
    __rt_entry                               0x08000173   Thumb Code     0  __rtentry.o(.ARM.Collect$$rtentry$$00000000)
    __rt_entry_presh_1                       0x08000173   Thumb Code     0  __rtentry2.o(.ARM.Collect$$rtentry$$00000002)
    __rt_entry_sh                            0x08000173   Thumb Code     0  __rtentry4.o(.ARM.Collect$$rtentry$$00000004)
    __rt_entry_li                            0x08000179   Thumb Code     0  __rtentry2.o(.ARM.Collect$$rtentry$$0000000A)
    __rt_entry_postsh_1                      0x08000179   Thumb Code     0  __rtentry2.o(.ARM.Collect$$rtentry$$00000009)
    __rt_entry_main                          0x0800017d   Thumb Code     0  __rtentry2.o(.ARM.Collect$$rtentry$$0000000D)
    __rt_entry_postli_1                      0x0800017d   Thumb Code     0  __rtentry2.o(.ARM.Collect$$rtentry$$0000000C)
    __rt_exit                                0x08000185   Thumb Code     0  rtexit.o(.ARM.Collect$$rtexit$$00000000)
    __rt_exit_ls                             0x08000187   Thumb Code     0  rtexit2.o(.ARM.Collect$$rtexit$$00000003)
    __rt_exit_prels_1                        0x08000187   Thumb Code     0  rtexit2.o(.ARM.Collect$$rtexit$$00000002)
    __rt_exit_exit                           0x0800018b   Thumb Code     0  rtexit2.o(.ARM.Collect$$rtexit$$00000004)
    Reset_Handler                            0x08000191   Thumb Code     8  startup_stm32f103xb.o(.text)
    ADC1_2_IRQHandler                        0x080001ab   Thumb Code     0  startup_stm32f103xb.o(.text)
    CAN1_RX1_IRQHandler                      0x080001ab   Thumb Code     0  startup_stm32f103xb.o(.text)
    CAN1_SCE_IRQHandler                      0x080001ab   Thumb Code     0  startup_stm32f103xb.o(.text)
    DMA1_Channel1_IRQHandler                 0x080001ab   Thumb Code     0  startup_stm32f103xb.o(.text)
    DMA1_Channel2_IRQHandler                 0x080001ab   Thumb Code     0  startup_stm32f103xb.o(.text)
    DMA1_Channel3_IRQHandler                 0x080001ab   Thumb Code     0  startup_stm32f103xb.o(.text)
    DMA1_Channel4_IRQHandler                 0x080001ab   Thumb Code     0  startup_stm32f103xb.o(.text)
    DMA1_Channel5_IRQHandler                 0x080001ab   Thumb Code     0  startup_stm32f103xb.o(.text)
    DMA1_Channel6_IRQHandler                 0x080001ab   Thumb Code     0  startup_stm32f103xb.o(.text)
    DMA1_Channel7_IRQHandler                 0x080001ab   Thumb Code     0  startup_stm32f103xb.o(.text)
    EXTI0_IRQHandler                         0x080001ab   Thumb Code     0  startup_stm32f103xb.o(.text)
    EXTI15_10_IRQHandler                     0x080001ab   Thumb Code     0  startup_stm32f103xb.o(.text)
    EXTI1_IRQHandler                         0x080001ab   Thumb Code     0  startup_stm32f103xb.o(.text)
    EXTI2_IRQHandler                         0x080001ab   Thumb Code     0  startup_stm32f103xb.o(.text)
    EXTI3_IRQHandler                         0x080001ab   Thumb Code     0  startup_stm32f103xb.o(.text)
    EXTI4_IRQHandler                         0x080001ab   Thumb Code     0  startup_stm32f103xb.o(.text)
    EXTI9_5_IRQHandler                       0x080001ab   Thumb Code     0  startup_stm32f103xb.o(.text)
    FLASH_IRQHandler                         0x080001ab   Thumb Code     0  startup_stm32f103xb.o(.text)
    I2C1_ER_IRQHandler                       0x080001ab   Thumb Code     0  startup_stm32f103xb.o(.text)
    I2C1_EV_IRQHandler                       0x080001ab   Thumb Code     0  startup_stm32f103xb.o(.text)
    I2C2_ER_IRQHandler                       0x080001ab   Thumb Code     0  startup_stm32f103xb.o(.text)
    I2C2_EV_IRQHandler                       0x080001ab   Thumb Code     0  startup_stm32f103xb.o(.text)
    PVD_IRQHandler                           0x080001ab   Thumb Code     0  startup_stm32f103xb.o(.text)
    RCC_IRQHandler                           0x080001ab   Thumb Code     0  startup_stm32f103xb.o(.text)
    RTC_Alarm_IRQHandler                     0x080001ab   Thumb Code     0  startup_stm32f103xb.o(.text)
    RTC_IRQHandler                           0x080001ab   Thumb Code     0  startup_stm32f103xb.o(.text)
    SPI1_IRQHandler                          0x080001ab   Thumb Code     0  startup_stm32f103xb.o(.text)
    SPI2_IRQHandler                          0x080001ab   Thumb Code     0  startup_stm32f103xb.o(.text)
    TAMPER_IRQHandler                        0x080001ab   Thumb Code     0  startup_stm32f103xb.o(.text)
    TIM1_BRK_IRQHandler                      0x080001ab   Thumb Code     0  startup_stm32f103xb.o(.text)
    TIM1_CC_IRQHandler                       0x080001ab   Thumb Code     0  startup_stm32f103xb.o(.text)
    TIM1_TRG_COM_IRQHandler                  0x080001ab   Thumb Code     0  startup_stm32f103xb.o(.text)
    TIM1_UP_IRQHandler                       0x080001ab   Thumb Code     0  startup_stm32f103xb.o(.text)
    TIM2_IRQHandler                          0x080001ab   Thumb Code     0  startup_stm32f103xb.o(.text)
    TIM3_IRQHandler                          0x080001ab   Thumb Code     0  startup_stm32f103xb.o(.text)
    TIM4_IRQHandler                          0x080001ab   Thumb Code     0  startup_stm32f103xb.o(.text)
    USART1_IRQHandler                        0x080001ab   Thumb Code     0  startup_stm32f103xb.o(.text)
    USART2_IRQHandler                        0x080001ab   Thumb Code     0  startup_stm32f103xb.o(.text)
    USART3_IRQHandler                        0x080001ab   Thumb Code     0  startup_stm32f103xb.o(.text)
    USBWakeUp_IRQHandler                     0x080001ab   Thumb Code     0  startup_stm32f103xb.o(.text)
    USB_HP_CAN1_TX_IRQHandler                0x080001ab   Thumb Code     0  startup_stm32f103xb.o(.text)
    USB_LP_CAN1_RX0_IRQHandler               0x080001ab   Thumb Code     0  startup_stm32f103xb.o(.text)
    WWDG_IRQHandler                          0x080001ab   Thumb Code     0  startup_stm32f103xb.o(.text)
    __user_initial_stackheap                 0x080001ad   Thumb Code     0  startup_stm32f103xb.o(.text)
    __2sprintf                               0x080001d1   Thumb Code    34  noretval__2sprintf.o(.text)
    __printf                                 0x080001f9   Thumb Code   104  __printf.o(.text)
    _printf_int_dec                          0x08000261   Thumb Code   104  _printf_dec.o(.text)
    __aeabi_memclr                           0x080002d9   Thumb Code     0  rt_memclr.o(.text)
    __rt_memclr                              0x080002d9   Thumb Code    68  rt_memclr.o(.text)
    _memset                                  0x080002dd   Thumb Code     0  rt_memclr.o(.text)
    __aeabi_memclr4                          0x0800031d   Thumb Code     0  rt_memclr_w.o(.text)
    __aeabi_memclr8                          0x0800031d   Thumb Code     0  rt_memclr_w.o(.text)
    __rt_memclr_w                            0x0800031d   Thumb Code    78  rt_memclr_w.o(.text)
    _memset_w                                0x08000321   Thumb Code     0  rt_memclr_w.o(.text)
    __use_two_region_memory                  0x0800036b   Thumb Code     2  heapauxi.o(.text)
    __rt_heap_escrow                         0x0800036d   Thumb Code     2  heapauxi.o(.text)
    __rt_heap_expand                         0x0800036f   Thumb Code     2  heapauxi.o(.text)
    _printf_int_common                       0x08000371   Thumb Code   178  _printf_intcommon.o(.text)
    _printf_char_common                      0x0800042f   Thumb Code    32  _printf_char_common.o(.text)
    _sputc                                   0x08000455   Thumb Code    10  _sputc.o(.text)
    __user_setup_stackheap                   0x0800045f   Thumb Code    74  sys_stackheap_outer.o(.text)
    exit                                     0x080004a9   Thumb Code    18  exit.o(.text)
    __user_libspace                          0x080004bd   Thumb Code     8  libspace.o(.text)
    __user_perproc_libspace                  0x080004bd   Thumb Code     0  libspace.o(.text)
    __user_perthread_libspace                0x080004bd   Thumb Code     0  libspace.o(.text)
    __I$use$semihosting                      0x080004c5   Thumb Code     0  use_no_semi.o(.text)
    __use_no_semihosting_swi                 0x080004c5   Thumb Code     2  use_no_semi.o(.text)
    __semihosting_library_function           0x080004c7   Thumb Code     0  indicate_semi.o(.text)
    _sys_exit                                0x080004c9   Thumb Code     8  sys_exit.o(.text)
    BusFault_Handler                         0x080004d5   Thumb Code     2  stm32f1xx_it.o(i.BusFault_Handler)
    DebugMon_Handler                         0x080004d7   Thumb Code     2  stm32f1xx_it.o(i.DebugMon_Handler)
    Error_Handler                            0x080004d9   Thumb Code     4  main.o(i.Error_Handler)
    HAL_Delay                                0x080004dd   Thumb Code    32  stm32f1xx_hal.o(i.HAL_Delay)
    HAL_GPIO_Init                            0x08000501   Thumb Code   446  stm32f1xx_hal_gpio.o(i.HAL_GPIO_Init)
    HAL_GetTick                              0x080006e1   Thumb Code     6  stm32f1xx_hal.o(i.HAL_GetTick)
    HAL_I2C_Init                             0x080006ed   Thumb Code   376  stm32f1xx_hal_i2c.o(i.HAL_I2C_Init)
    HAL_I2C_Master_Transmit                  0x08000875   Thumb Code   290  stm32f1xx_hal_i2c.o(i.HAL_I2C_Master_Transmit)
    HAL_I2C_MspInit                          0x080009a1   Thumb Code    82  i2c.o(i.HAL_I2C_MspInit)
    HAL_IncTick                              0x08000a01   Thumb Code    12  stm32f1xx_hal.o(i.HAL_IncTick)
    HAL_Init                                 0x08000a11   Thumb Code    32  stm32f1xx_hal.o(i.HAL_Init)
    HAL_InitTick                             0x08000a35   Thumb Code    54  stm32f1xx_hal.o(i.HAL_InitTick)
    HAL_MspInit                              0x08000a75   Thumb Code    52  stm32f1xx_hal_msp.o(i.HAL_MspInit)
    HAL_NVIC_SetPriority                     0x08000ab1   Thumb Code    60  stm32f1xx_hal_cortex.o(i.HAL_NVIC_SetPriority)
    HAL_NVIC_SetPriorityGrouping             0x08000af1   Thumb Code    26  stm32f1xx_hal_cortex.o(i.HAL_NVIC_SetPriorityGrouping)
    HAL_RCC_ClockConfig                      0x08000b15   Thumb Code   280  stm32f1xx_hal_rcc.o(i.HAL_RCC_ClockConfig)
    HAL_RCC_GetPCLK1Freq                     0x08000c41   Thumb Code    20  stm32f1xx_hal_rcc.o(i.HAL_RCC_GetPCLK1Freq)
    HAL_RCC_GetSysClockFreq                  0x08000c61   Thumb Code    74  stm32f1xx_hal_rcc.o(i.HAL_RCC_GetSysClockFreq)
    HAL_RCC_OscConfig                        0x08000ccd   Thumb Code   778  stm32f1xx_hal_rcc.o(i.HAL_RCC_OscConfig)
    HAL_SYSTICK_Config                       0x08000fed   Thumb Code    40  stm32f1xx_hal_cortex.o(i.HAL_SYSTICK_Config)
    HAL_TIMEx_MasterConfigSynchronization    0x08001015   Thumb Code    92  stm32f1xx_hal_tim_ex.o(i.HAL_TIMEx_MasterConfigSynchronization)
    HAL_TIM_Base_Init                        0x0800107d   Thumb Code    90  stm32f1xx_hal_tim.o(i.HAL_TIM_Base_Init)
    HAL_TIM_Base_MspInit                     0x080010d9   Thumb Code    30  tim.o(i.HAL_TIM_Base_MspInit)
    HAL_TIM_ConfigClockSource                0x08001101   Thumb Code   214  stm32f1xx_hal_tim.o(i.HAL_TIM_ConfigClockSource)
    HardFault_Handler                        0x080011d7   Thumb Code     2  stm32f1xx_it.o(i.HardFault_Handler)
    MX_GPIO_Init                             0x0800143d   Thumb Code    54  gpio.o(i.MX_GPIO_Init)
    MX_I2C2_Init                             0x08001479   Thumb Code    50  i2c.o(i.MX_I2C2_Init)
    MX_TIM1_Init                             0x080014b9   Thumb Code    96  tim.o(i.MX_TIM1_Init)
    MemManage_Handler                        0x08001521   Thumb Code     2  stm32f1xx_it.o(i.MemManage_Handler)
    NMI_Handler                              0x08001523   Thumb Code     2  stm32f1xx_it.o(i.NMI_Handler)
    PendSV_Handler                           0x08001525   Thumb Code     2  stm32f1xx_it.o(i.PendSV_Handler)
    SVC_Handler                              0x08001527   Thumb Code     2  stm32f1xx_it.o(i.SVC_Handler)
    SysTick_Handler                          0x08001529   Thumb Code     4  stm32f1xx_it.o(i.SysTick_Handler)
    SystemClock_Config                       0x0800152d   Thumb Code    94  main.o(i.SystemClock_Config)
    SystemInit                               0x0800158b   Thumb Code     2  system_stm32f1xx.o(i.SystemInit)
    TIM_Base_SetConfig                       0x0800158d   Thumb Code    94  stm32f1xx_hal_tim.o(i.TIM_Base_SetConfig)
    TIM_ETR_SetConfig                        0x080015f9   Thumb Code    20  stm32f1xx_hal_tim.o(i.TIM_ETR_SetConfig)
    Tims_delay_us                            0x08001665   Thumb Code    54  tim.o(i.Tims_delay_us)
    UsageFault_Handler                       0x080016a1   Thumb Code     2  stm32f1xx_it.o(i.UsageFault_Handler)
    draw                                     0x080016c5   Thumb Code   198  stm32_u8g2.o(i.draw)
    main                                     0x080017c5   Thumb Code    58  main.o(i.main)
    testDrawMulti                            0x08001801   Thumb Code   430  test.o(i.testDrawMulti)
    testDrawProcess                          0x080019b1   Thumb Code   160  test.o(i.testDrawProcess)
    testDrawXBM                              0x08001a75   Thumb Code   108  test.o(i.testDrawXBM)
    testShowFont                             0x08001afd   Thumb Code   120  test.o(i.testShowFont)
    u8g2DrawTest                             0x08001b91   Thumb Code    30  test.o(i.u8g2DrawTest)
    u8g2Init                                 0x08001bb1   Thumb Code    38  stm32_u8g2.o(i.u8g2Init)
    u8g2_ClearBuffer                         0x08001be5   Thumb Code    18  u8g2_buffer.o(i.u8g2_ClearBuffer)
    u8g2_DrawBox                             0x08001bf7   Thumb Code    68  u8g2_box.o(i.u8g2_DrawBox)
    u8g2_DrawCircle                          0x08001c3b   Thumb Code    64  u8g2_circle.o(i.u8g2_DrawCircle)
    u8g2_DrawDisc                            0x08001c7b   Thumb Code    64  u8g2_circle.o(i.u8g2_DrawDisc)
    u8g2_DrawEllipse                         0x08001cbb   Thumb Code    68  u8g2_circle.o(i.u8g2_DrawEllipse)
    u8g2_DrawFilledEllipse                   0x08001cff   Thumb Code    68  u8g2_circle.o(i.u8g2_DrawFilledEllipse)
    u8g2_DrawFrame                           0x08001d43   Thumb Code   136  u8g2_box.o(i.u8g2_DrawFrame)
    u8g2_DrawGlyph                           0x08001dcb   Thumb Code   112  u8g2_font.o(i.u8g2_DrawGlyph)
    u8g2_DrawHLine                           0x08001e3b   Thumb Code    12  u8g2_hvline.o(i.u8g2_DrawHLine)
    u8g2_DrawHVLine                          0x08001e49   Thumb Code   172  u8g2_hvline.o(i.u8g2_DrawHVLine)
    u8g2_DrawHXBM                            0x08001ef5   Thumb Code   148  u8g2_bitmap.o(i.u8g2_DrawHXBM)
    u8g2_DrawPixel                           0x08001f89   Thumb Code    46  u8g2_hvline.o(i.u8g2_DrawPixel)
    u8g2_DrawRBox                            0x08001fb7   Thumb Code   230  u8g2_box.o(i.u8g2_DrawRBox)
    u8g2_DrawRFrame                          0x0800209d   Thumb Code   258  u8g2_box.o(i.u8g2_DrawRFrame)
    u8g2_DrawStr                             0x080021a1   Thumb Code    12  u8g2_font.o(i.u8g2_DrawStr)
    u8g2_DrawVLine                           0x080021b1   Thumb Code    12  u8g2_hvline.o(i.u8g2_DrawVLine)
    u8g2_DrawXBM                             0x080021bd   Thumb Code    76  u8g2_bitmap.o(i.u8g2_DrawXBM)
    u8g2_FirstPage                           0x08002209   Thumb Code    28  u8g2_buffer.o(i.u8g2_FirstPage)
    u8g2_IsIntersection                      0x08002225   Thumb Code    48  u8g2_intersection.o(i.u8g2_IsIntersection)
    u8g2_NextPage                            0x08002255   Thumb Code    62  u8g2_buffer.o(i.u8g2_NextPage)
    u8g2_SendBuffer                          0x08002293   Thumb Code    18  u8g2_buffer.o(i.u8g2_SendBuffer)
    u8g2_SetBufferCurrTileRow                0x080022a5   Thumb Code    28  u8g2_buffer.o(i.u8g2_SetBufferCurrTileRow)
    u8g2_SetFont                             0x080022c1   Thumb Code    32  u8g2_font.o(i.u8g2_SetFont)
    u8g2_SetFontDirection                    0x080022e1   Thumb Code     6  u8g2_font.o(i.u8g2_SetFontDirection)
    u8g2_SetFontMode                         0x080022e7   Thumb Code     6  u8g2_font.o(i.u8g2_SetFontMode)
    u8g2_SetFontPosBaseline                  0x080022ed   Thumb Code     6  u8g2_font.o(i.u8g2_SetFontPosBaseline)
    u8g2_SetMaxClipWindow                    0x080022f9   Thumb Code    28  u8g2_setup.o(i.u8g2_SetMaxClipWindow)
    u8g2_SetupBuffer                         0x08002315   Thumb Code    66  u8g2_setup.o(i.u8g2_SetupBuffer)
    u8g2_Setup_ssd1306_i2c_128x64_noname_f   0x08002359   Thumb Code    42  u8g2_d_setup.o(i.u8g2_Setup_ssd1306_i2c_128x64_noname_f)
    u8g2_UpdateRefHeight                     0x08002391   Thumb Code    82  u8g2_font.o(i.u8g2_UpdateRefHeight)
    u8g2_add_vector_x                        0x080023e3   Thumb Code    28  u8g2_font.o(i.u8g2_add_vector_x)
    u8g2_add_vector_y                        0x080023ff   Thumb Code    28  u8g2_font.o(i.u8g2_add_vector_y)
    u8g2_draw_hv_line_2dir                   0x080029a1   Thumb Code    18  u8g2_hvline.o(i.u8g2_draw_hv_line_2dir)
    u8g2_draw_l90_r0                         0x080029b3   Thumb Code    12  u8g2_setup.o(i.u8g2_draw_l90_r0)
    u8g2_font_calc_vref_font                 0x08002a35   Thumb Code     4  u8g2_font.o(i.u8g2_font_calc_vref_font)
    u8g2_font_decode_get_signed_bits         0x08002a39   Thumb Code    20  u8g2_font.o(i.u8g2_font_decode_get_signed_bits)
    u8g2_font_decode_get_unsigned_bits       0x08002a4d   Thumb Code    52  u8g2_font.o(i.u8g2_font_decode_get_unsigned_bits)
    u8g2_font_decode_glyph                   0x08002a81   Thumb Code   276  u8g2_font.o(i.u8g2_font_decode_glyph)
    u8g2_font_decode_len                     0x08002b95   Thumb Code   140  u8g2_font.o(i.u8g2_font_decode_len)
    u8g2_font_get_glyph_data                 0x08002c21   Thumb Code   114  u8g2_font.o(i.u8g2_font_get_glyph_data)
    u8g2_is_intersection_decision_tree       0x08002cdb   Thumb Code    24  u8g2_intersection.o(i.u8g2_is_intersection_decision_tree)
    u8g2_ll_hvline_vertical_top_lsb          0x08002cf5   Thumb Code   144  u8g2_ll_hvline.o(i.u8g2_ll_hvline_vertical_top_lsb)
    u8g2_m_16_8_f                            0x08002d85   Thumb Code     8  u8g2_d_memory.o(i.u8g2_m_16_8_f)
    u8g2_read_font_info                      0x08002d91   Thumb Code   106  u8g2_font.o(i.u8g2_read_font_info)
    u8g2_update_dimension_r0                 0x08002e8f   Thumb Code     4  u8g2_setup.o(i.u8g2_update_dimension_r0)
    u8g2_update_page_win_r0                  0x08002e93   Thumb Code    34  u8g2_setup.o(i.u8g2_update_page_win_r0)
    u8x8_DrawTile                            0x08002eb5   Thumb Code    30  u8x8_display.o(i.u8x8_DrawTile)
    u8x8_InitDisplay                         0x08002ed3   Thumb Code    16  u8x8_display.o(i.u8x8_InitDisplay)
    u8x8_RefreshDisplay                      0x08002ee3   Thumb Code    16  u8x8_display.o(i.u8x8_RefreshDisplay)
    u8x8_SetPowerSave                        0x08002ef3   Thumb Code    16  u8x8_display.o(i.u8x8_SetPowerSave)
    u8x8_Setup                               0x08002f03   Thumb Code    34  u8x8_setup.o(i.u8x8_Setup)
    u8x8_SetupDefaults                       0x08002f25   Thumb Code    32  u8x8_setup.o(i.u8x8_SetupDefaults)
    u8x8_SetupMemory                         0x08002f49   Thumb Code    16  u8x8_display.o(i.u8x8_SetupMemory)
    u8x8_ascii_next                          0x08002f59   Thumb Code    14  u8x8_8x8.o(i.u8x8_ascii_next)
    u8x8_byte_EndTransfer                    0x08002f67   Thumb Code    16  u8x8_byte.o(i.u8x8_byte_EndTransfer)
    u8x8_byte_SendByte                       0x08002f77   Thumb Code    14  u8x8_byte.o(i.u8x8_byte_SendByte)
    u8x8_byte_StartTransfer                  0x08002f85   Thumb Code    16  u8x8_byte.o(i.u8x8_byte_StartTransfer)
    u8x8_byte_hw_i2c                         0x08002f95   Thumb Code    98  stm32_u8g2.o(i.u8x8_byte_hw_i2c)
    u8x8_cad_EndTransfer                     0x08003005   Thumb Code    16  u8x8_cad.o(i.u8x8_cad_EndTransfer)
    u8x8_cad_SendArg                         0x08003015   Thumb Code    16  u8x8_cad.o(i.u8x8_cad_SendArg)
    u8x8_cad_SendCmd                         0x08003025   Thumb Code    16  u8x8_cad.o(i.u8x8_cad_SendCmd)
    u8x8_cad_SendData                        0x08003035   Thumb Code    16  u8x8_cad.o(i.u8x8_cad_SendData)
    u8x8_cad_SendSequence                    0x08003045   Thumb Code   104  u8x8_cad.o(i.u8x8_cad_SendSequence)
    u8x8_cad_StartTransfer                   0x080030ad   Thumb Code    16  u8x8_cad.o(i.u8x8_cad_StartTransfer)
    u8x8_cad_ssd13xx_fast_i2c                0x080030bd   Thumb Code   182  u8x8_cad.o(i.u8x8_cad_ssd13xx_fast_i2c)
    u8x8_d_helper_display_init               0x08003179   Thumb Code    96  u8x8_display.o(i.u8x8_d_helper_display_init)
    u8x8_d_helper_display_setup_memory       0x080031d9   Thumb Code    10  u8x8_display.o(i.u8x8_d_helper_display_setup_memory)
    u8x8_d_ssd1306_128x64_noname             0x080031e5   Thumb Code    52  u8x8_d_ssd1306_128x64_noname.o(i.u8x8_d_ssd1306_128x64_noname)
    u8x8_dummy_cb                            0x080032e9   Thumb Code     4  u8x8_setup.o(i.u8x8_dummy_cb)
    u8x8_gpio_and_delay                      0x080032ed   Thumb Code   106  stm32_u8g2.o(i.u8x8_gpio_and_delay)
    u8x8_gpio_call                           0x08003357   Thumb Code    12  u8x8_gpio.o(i.u8x8_gpio_call)
    u8x8_utf8_init                           0x0800338f   Thumb Code     8  u8x8_8x8.o(i.u8x8_utf8_init)
    __aeabi_ddiv                             0x08003399   Thumb Code     0  ddiv.o(x$fpl$ddiv)
    _ddiv                                    0x08003399   Thumb Code   552  ddiv.o(x$fpl$ddiv)
    __aeabi_d2iz                             0x08003649   Thumb Code     0  dfix.o(x$fpl$dfix)
    _dfix                                    0x08003649   Thumb Code    94  dfix.o(x$fpl$dfix)
    __aeabi_i2d                              0x080036a7   Thumb Code     0  dflt_clz.o(x$fpl$dflt)
    _dflt                                    0x080036a7   Thumb Code    46  dflt_clz.o(x$fpl$dflt)
    __aeabi_dmul                             0x080036d5   Thumb Code     0  dmul.o(x$fpl$dmul)
    _dmul                                    0x080036d5   Thumb Code   332  dmul.o(x$fpl$dmul)
    __fpl_dnaninf                            0x08003829   Thumb Code   156  dnaninf.o(x$fpl$dnaninf)
    __fpl_dretinf                            0x080038c5   Thumb Code    12  dretinf.o(x$fpl$dretinf)
    AHBPrescTable                            0x080038d0   Data          16  system_stm32f1xx.o(.constdata)
    __I$use$fp                               0x080038d0   Number         0  usenofp.o(x$fpl$usenofp)
    APBPrescTable                            0x080038e0   Data           8  system_stm32f1xx.o(.constdata)
    bilibili                                 0x080038e8   Data         768  test.o(.constdata)
    three_support                            0x08003be8   Data         768  test.o(.constdata)
    u8g2_font_u8glib_4_tf                    0x08003ee8   Data        1838  u8g2_fonts.o(.constdata)
    u8g2_font_4x6_tr                         0x08004616   Data         734  u8g2_fonts.o(.constdata)
    u8g2_font_ncenB08_tf                     0x080048f4   Data        2518  u8g2_fonts.o(.constdata)
    u8g2_font_ncenB10_tr                     0x080052ca   Data        1619  u8g2_fonts.o(.constdata)
    u8g2_font_ncenB12_tf                     0x0800591d   Data        3953  u8g2_fonts.o(.constdata)
    u8g2_font_inb24_mf                       0x0800688e   Data        8831  u8g2_fonts.o(.constdata)
    u8g2_font_inb30_mn                       0x08008b0d   Data         805  u8g2_fonts.o(.constdata)
    u8g2_cb_r0                               0x08008e34   Data          12  u8g2_setup.o(.constdata)
    Region$$Table$$Base                      0x08008f98   Number         0  anon$$obj.o(Region$$Table)
    Region$$Table$$Limit                     0x08008fb8   Number         0  anon$$obj.o(Region$$Table)
    uwTickFreq                               0x20000000   Data           1  stm32f1xx_hal.o(.data)
    uwTickPrio                               0x20000004   Data           4  stm32f1xx_hal.o(.data)
    uwTick                                   0x20000008   Data           4  stm32f1xx_hal.o(.data)
    SystemCoreClock                          0x2000000c   Data           4  system_stm32f1xx.o(.data)
    hi2c2                                    0x20000018   Data          84  i2c.o(.bss)
    htim1                                    0x2000006c   Data          72  tim.o(.bss)
    __libspace_start                         0x20000534   Data          96  libspace.o(.bss)
    __temporary_stack_top$libspace           0x20000594   Data           0  libspace.o(.bss)



==============================================================================

Memory Map of the image

  Image Entry point : 0x080000ed

  Load Region LR_IROM1 (Base: 0x08000000, Size: 0x00008fd0, Max: 0x00010000, ABSOLUTE)

    Execution Region ER_IROM1 (Exec base: 0x08000000, Load base: 0x08000000, Size: 0x00008fb8, Max: 0x00010000, ABSOLUTE)

    Exec Addr    Load Addr    Size         Type   Attr      Idx    E Section Name        Object

    0x08000000   0x08000000   0x000000ec   Data   RO            3    RESET               startup_stm32f103xb.o
    0x080000ec   0x080000ec   0x00000008   Code   RO         8003  * !!!main             c_w.l(__main.o)
    0x080000f4   0x080000f4   0x00000034   Code   RO         8375    !!!scatter          c_w.l(__scatter.o)
    0x08000128   0x08000128   0x0000001a   Code   RO         8377    !!handler_copy      c_w.l(__scatter_copy.o)
    0x08000142   0x08000142   0x00000002   PAD
    0x08000144   0x08000144   0x0000001c   Code   RO         8379    !!handler_zi        c_w.l(__scatter_zi.o)
    0x08000160   0x08000160   0x00000000   Code   RO         7996    .ARM.Collect$$_printf_percent$$00000000  c_w.l(_printf_percent.o)
    0x08000160   0x08000160   0x00000006   Code   RO         7995    .ARM.Collect$$_printf_percent$$00000009  c_w.l(_printf_d.o)
    0x08000166   0x08000166   0x00000004   Code   RO         8030    .ARM.Collect$$_printf_percent$$00000017  c_w.l(_printf_percent_end.o)
    0x0800016a   0x0800016a   0x00000002   Code   RO         8162    .ARM.Collect$$libinit$$00000000  c_w.l(libinit.o)
    0x0800016c   0x0800016c   0x00000000   Code   RO         8164    .ARM.Collect$$libinit$$00000002  c_w.l(libinit2.o)
    0x0800016c   0x0800016c   0x00000000   Code   RO         8166    .ARM.Collect$$libinit$$00000004  c_w.l(libinit2.o)
    0x0800016c   0x0800016c   0x00000000   Code   RO         8169    .ARM.Collect$$libinit$$0000000A  c_w.l(libinit2.o)
    0x0800016c   0x0800016c   0x00000000   Code   RO         8171    .ARM.Collect$$libinit$$0000000C  c_w.l(libinit2.o)
    0x0800016c   0x0800016c   0x00000000   Code   RO         8173    .ARM.Collect$$libinit$$0000000E  c_w.l(libinit2.o)
    0x0800016c   0x0800016c   0x00000000   Code   RO         8176    .ARM.Collect$$libinit$$00000011  c_w.l(libinit2.o)
    0x0800016c   0x0800016c   0x00000000   Code   RO         8178    .ARM.Collect$$libinit$$00000013  c_w.l(libinit2.o)
    0x0800016c   0x0800016c   0x00000000   Code   RO         8180    .ARM.Collect$$libinit$$00000015  c_w.l(libinit2.o)
    0x0800016c   0x0800016c   0x00000000   Code   RO         8182    .ARM.Collect$$libinit$$00000017  c_w.l(libinit2.o)
    0x0800016c   0x0800016c   0x00000000   Code   RO         8184    .ARM.Collect$$libinit$$00000019  c_w.l(libinit2.o)
    0x0800016c   0x0800016c   0x00000000   Code   RO         8186    .ARM.Collect$$libinit$$0000001B  c_w.l(libinit2.o)
    0x0800016c   0x0800016c   0x00000000   Code   RO         8188    .ARM.Collect$$libinit$$0000001D  c_w.l(libinit2.o)
    0x0800016c   0x0800016c   0x00000000   Code   RO         8190    .ARM.Collect$$libinit$$0000001F  c_w.l(libinit2.o)
    0x0800016c   0x0800016c   0x00000000   Code   RO         8192    .ARM.Collect$$libinit$$00000021  c_w.l(libinit2.o)
    0x0800016c   0x0800016c   0x00000000   Code   RO         8194    .ARM.Collect$$libinit$$00000023  c_w.l(libinit2.o)
    0x0800016c   0x0800016c   0x00000000   Code   RO         8196    .ARM.Collect$$libinit$$00000025  c_w.l(libinit2.o)
    0x0800016c   0x0800016c   0x00000000   Code   RO         8200    .ARM.Collect$$libinit$$0000002C  c_w.l(libinit2.o)
    0x0800016c   0x0800016c   0x00000000   Code   RO         8202    .ARM.Collect$$libinit$$0000002E  c_w.l(libinit2.o)
    0x0800016c   0x0800016c   0x00000000   Code   RO         8204    .ARM.Collect$$libinit$$00000030  c_w.l(libinit2.o)
    0x0800016c   0x0800016c   0x00000000   Code   RO         8206    .ARM.Collect$$libinit$$00000032  c_w.l(libinit2.o)
    0x0800016c   0x0800016c   0x00000002   Code   RO         8207    .ARM.Collect$$libinit$$00000033  c_w.l(libinit2.o)
    0x0800016e   0x0800016e   0x00000002   Code   RO         8354    .ARM.Collect$$libshutdown$$00000000  c_w.l(libshutdown.o)
    0x08000170   0x08000170   0x00000000   Code   RO         8209    .ARM.Collect$$libshutdown$$00000002  c_w.l(libshutdown2.o)
    0x08000170   0x08000170   0x00000000   Code   RO         8211    .ARM.Collect$$libshutdown$$00000004  c_w.l(libshutdown2.o)
    0x08000170   0x08000170   0x00000000   Code   RO         8214    .ARM.Collect$$libshutdown$$00000007  c_w.l(libshutdown2.o)
    0x08000170   0x08000170   0x00000000   Code   RO         8217    .ARM.Collect$$libshutdown$$0000000A  c_w.l(libshutdown2.o)
    0x08000170   0x08000170   0x00000000   Code   RO         8219    .ARM.Collect$$libshutdown$$0000000C  c_w.l(libshutdown2.o)
    0x08000170   0x08000170   0x00000000   Code   RO         8222    .ARM.Collect$$libshutdown$$0000000F  c_w.l(libshutdown2.o)
    0x08000170   0x08000170   0x00000002   Code   RO         8223    .ARM.Collect$$libshutdown$$00000010  c_w.l(libshutdown2.o)
    0x08000172   0x08000172   0x00000000   Code   RO         8021    .ARM.Collect$$rtentry$$00000000  c_w.l(__rtentry.o)
    0x08000172   0x08000172   0x00000000   Code   RO         8043    .ARM.Collect$$rtentry$$00000002  c_w.l(__rtentry2.o)
    0x08000172   0x08000172   0x00000006   Code   RO         8055    .ARM.Collect$$rtentry$$00000004  c_w.l(__rtentry4.o)
    0x08000178   0x08000178   0x00000000   Code   RO         8045    .ARM.Collect$$rtentry$$00000009  c_w.l(__rtentry2.o)
    0x08000178   0x08000178   0x00000004   Code   RO         8046    .ARM.Collect$$rtentry$$0000000A  c_w.l(__rtentry2.o)
    0x0800017c   0x0800017c   0x00000000   Code   RO         8048    .ARM.Collect$$rtentry$$0000000C  c_w.l(__rtentry2.o)
    0x0800017c   0x0800017c   0x00000008   Code   RO         8049    .ARM.Collect$$rtentry$$0000000D  c_w.l(__rtentry2.o)
    0x08000184   0x08000184   0x00000002   Code   RO         8232    .ARM.Collect$$rtexit$$00000000  c_w.l(rtexit.o)
    0x08000186   0x08000186   0x00000000   Code   RO         8290    .ARM.Collect$$rtexit$$00000002  c_w.l(rtexit2.o)
    0x08000186   0x08000186   0x00000004   Code   RO         8291    .ARM.Collect$$rtexit$$00000003  c_w.l(rtexit2.o)
    0x0800018a   0x0800018a   0x00000006   Code   RO         8292    .ARM.Collect$$rtexit$$00000004  c_w.l(rtexit2.o)
    0x08000190   0x08000190   0x00000040   Code   RO            4    .text               startup_stm32f103xb.o
    0x080001d0   0x080001d0   0x00000028   Code   RO         7969    .text               c_w.l(noretval__2sprintf.o)
    0x080001f8   0x080001f8   0x00000068   Code   RO         7971    .text               c_w.l(__printf.o)
    0x08000260   0x08000260   0x00000078   Code   RO         7973    .text               c_w.l(_printf_dec.o)
    0x080002d8   0x080002d8   0x00000044   Code   RO         7997    .text               c_w.l(rt_memclr.o)
    0x0800031c   0x0800031c   0x0000004e   Code   RO         7999    .text               c_w.l(rt_memclr_w.o)
    0x0800036a   0x0800036a   0x00000006   Code   RO         8001    .text               c_w.l(heapauxi.o)
    0x08000370   0x08000370   0x000000b2   Code   RO         8022    .text               c_w.l(_printf_intcommon.o)
    0x08000422   0x08000422   0x00000002   PAD
    0x08000424   0x08000424   0x00000030   Code   RO         8024    .text               c_w.l(_printf_char_common.o)
    0x08000454   0x08000454   0x0000000a   Code   RO         8026    .text               c_w.l(_sputc.o)
    0x0800045e   0x0800045e   0x0000004a   Code   RO         8080    .text               c_w.l(sys_stackheap_outer.o)
    0x080004a8   0x080004a8   0x00000012   Code   RO         8151    .text               c_w.l(exit.o)
    0x080004ba   0x080004ba   0x00000002   PAD
    0x080004bc   0x080004bc   0x00000008   Code   RO         8226    .text               c_w.l(libspace.o)
    0x080004c4   0x080004c4   0x00000002   Code   RO         8229    .text               c_w.l(use_no_semi.o)
    0x080004c6   0x080004c6   0x00000000   Code   RO         8231    .text               c_w.l(indicate_semi.o)
    0x080004c6   0x080004c6   0x00000002   PAD
    0x080004c8   0x080004c8   0x0000000c   Code   RO         8287    .text               c_w.l(sys_exit.o)
    0x080004d4   0x080004d4   0x00000002   Code   RO          282    i.BusFault_Handler  stm32f1xx_it.o
    0x080004d6   0x080004d6   0x00000002   Code   RO          283    i.DebugMon_Handler  stm32f1xx_it.o
    0x080004d8   0x080004d8   0x00000004   Code   RO           13    i.Error_Handler     main.o
    0x080004dc   0x080004dc   0x00000024   Code   RO          856    i.HAL_Delay         stm32f1xx_hal.o
    0x08000500   0x08000500   0x000001e0   Code   RO         1168    i.HAL_GPIO_Init     stm32f1xx_hal_gpio.o
    0x080006e0   0x080006e0   0x0000000c   Code   RO          860    i.HAL_GetTick       stm32f1xx_hal.o
    0x080006ec   0x080006ec   0x00000188   Code   RO          428    i.HAL_I2C_Init      stm32f1xx_hal_i2c.o
    0x08000874   0x08000874   0x0000012c   Code   RO          441    i.HAL_I2C_Master_Transmit  stm32f1xx_hal_i2c.o
    0x080009a0   0x080009a0   0x00000060   Code   RO          193    i.HAL_I2C_MspInit   i2c.o
    0x08000a00   0x08000a00   0x00000010   Code   RO          866    i.HAL_IncTick       stm32f1xx_hal.o
    0x08000a10   0x08000a10   0x00000024   Code   RO          867    i.HAL_Init          stm32f1xx_hal.o
    0x08000a34   0x08000a34   0x00000040   Code   RO          868    i.HAL_InitTick      stm32f1xx_hal.o
    0x08000a74   0x08000a74   0x0000003c   Code   RO          357    i.HAL_MspInit       stm32f1xx_hal_msp.o
    0x08000ab0   0x08000ab0   0x00000040   Code   RO         1334    i.HAL_NVIC_SetPriority  stm32f1xx_hal_cortex.o
    0x08000af0   0x08000af0   0x00000024   Code   RO         1335    i.HAL_NVIC_SetPriorityGrouping  stm32f1xx_hal_cortex.o
    0x08000b14   0x08000b14   0x0000012c   Code   RO         1028    i.HAL_RCC_ClockConfig  stm32f1xx_hal_rcc.o
    0x08000c40   0x08000c40   0x00000020   Code   RO         1035    i.HAL_RCC_GetPCLK1Freq  stm32f1xx_hal_rcc.o
    0x08000c60   0x08000c60   0x0000006c   Code   RO         1037    i.HAL_RCC_GetSysClockFreq  stm32f1xx_hal_rcc.o
    0x08000ccc   0x08000ccc   0x00000320   Code   RO         1040    i.HAL_RCC_OscConfig  stm32f1xx_hal_rcc.o
    0x08000fec   0x08000fec   0x00000028   Code   RO         1339    i.HAL_SYSTICK_Config  stm32f1xx_hal_cortex.o
    0x08001014   0x08001014   0x00000068   Code   RO         2553    i.HAL_TIMEx_MasterConfigSynchronization  stm32f1xx_hal_tim_ex.o
    0x0800107c   0x0800107c   0x0000005a   Code   RO         1830    i.HAL_TIM_Base_Init  stm32f1xx_hal_tim.o
    0x080010d6   0x080010d6   0x00000002   PAD
    0x080010d8   0x080010d8   0x00000028   Code   RO          235    i.HAL_TIM_Base_MspInit  tim.o
    0x08001100   0x08001100   0x000000d6   Code   RO         1839    i.HAL_TIM_ConfigClockSource  stm32f1xx_hal_tim.o
    0x080011d6   0x080011d6   0x00000002   Code   RO          284    i.HardFault_Handler  stm32f1xx_it.o
    0x080011d8   0x080011d8   0x0000002e   Code   RO          470    i.I2C_IsAcknowledgeFailed  stm32f1xx_hal_i2c.o
    0x08001206   0x08001206   0x00000002   PAD
    0x08001208   0x08001208   0x0000009c   Code   RO          474    i.I2C_MasterRequestWrite  stm32f1xx_hal_i2c.o
    0x080012a4   0x080012a4   0x0000004c   Code   RO          485    i.I2C_WaitOnBTFFlagUntilTimeout  stm32f1xx_hal_i2c.o
    0x080012f0   0x080012f0   0x00000068   Code   RO          486    i.I2C_WaitOnFlagUntilTimeout  stm32f1xx_hal_i2c.o
    0x08001358   0x08001358   0x00000096   Code   RO          487    i.I2C_WaitOnMasterAddressFlagUntilTimeout  stm32f1xx_hal_i2c.o
    0x080013ee   0x080013ee   0x0000004c   Code   RO          489    i.I2C_WaitOnTXEFlagUntilTimeout  stm32f1xx_hal_i2c.o
    0x0800143a   0x0800143a   0x00000002   PAD
    0x0800143c   0x0800143c   0x0000003c   Code   RO          168    i.MX_GPIO_Init      gpio.o
    0x08001478   0x08001478   0x00000040   Code   RO          194    i.MX_I2C2_Init      i2c.o
    0x080014b8   0x080014b8   0x00000068   Code   RO          236    i.MX_TIM1_Init      tim.o
    0x08001520   0x08001520   0x00000002   Code   RO          285    i.MemManage_Handler  stm32f1xx_it.o
    0x08001522   0x08001522   0x00000002   Code   RO          286    i.NMI_Handler       stm32f1xx_it.o
    0x08001524   0x08001524   0x00000002   Code   RO          287    i.PendSV_Handler    stm32f1xx_it.o
    0x08001526   0x08001526   0x00000002   Code   RO          288    i.SVC_Handler       stm32f1xx_it.o
    0x08001528   0x08001528   0x00000004   Code   RO          289    i.SysTick_Handler   stm32f1xx_it.o
    0x0800152c   0x0800152c   0x0000005e   Code   RO           14    i.SystemClock_Config  main.o
    0x0800158a   0x0800158a   0x00000002   Code   RO         2802    i.SystemInit        system_stm32f1xx.o
    0x0800158c   0x0800158c   0x0000006c   Code   RO         1923    i.TIM_Base_SetConfig  stm32f1xx_hal_tim.o
    0x080015f8   0x080015f8   0x00000014   Code   RO         1934    i.TIM_ETR_SetConfig  stm32f1xx_hal_tim.o
    0x0800160c   0x0800160c   0x00000010   Code   RO         1935    i.TIM_ITRx_SetConfig  stm32f1xx_hal_tim.o
    0x0800161c   0x0800161c   0x00000022   Code   RO         1941    i.TIM_TI1_ConfigInputStage  stm32f1xx_hal_tim.o
    0x0800163e   0x0800163e   0x00000024   Code   RO         1943    i.TIM_TI2_ConfigInputStage  stm32f1xx_hal_tim.o
    0x08001662   0x08001662   0x00000002   PAD
    0x08001664   0x08001664   0x0000003c   Code   RO          237    i.Tims_delay_us     tim.o
    0x080016a0   0x080016a0   0x00000002   Code   RO          290    i.UsageFault_Handler  stm32f1xx_it.o
    0x080016a2   0x080016a2   0x00000020   Code   RO         1341    i.__NVIC_SetPriority  stm32f1xx_hal_cortex.o
    0x080016c2   0x080016c2   0x00000002   PAD
    0x080016c4   0x080016c4   0x00000100   Code   RO         2839    i.draw              stm32_u8g2.o
    0x080017c4   0x080017c4   0x0000003a   Code   RO           15    i.main              main.o
    0x080017fe   0x080017fe   0x00000002   PAD
    0x08001800   0x08001800   0x000001ae   Code   RO         2892    i.testDrawMulti     test.o
    0x080019ae   0x080019ae   0x00000002   PAD
    0x080019b0   0x080019b0   0x000000c4   Code   RO         2893    i.testDrawProcess   test.o
    0x08001a74   0x08001a74   0x00000088   Code   RO         2895    i.testDrawXBM       test.o
    0x08001afc   0x08001afc   0x00000094   Code   RO         2896    i.testShowFont      test.o
    0x08001b90   0x08001b90   0x0000001e   Code   RO         2897    i.u8g2DrawTest      test.o
    0x08001bae   0x08001bae   0x00000002   PAD
    0x08001bb0   0x08001bb0   0x00000034   Code   RO         2841    i.u8g2Init          stm32_u8g2.o
    0x08001be4   0x08001be4   0x00000012   Code   RO         3634    i.u8g2_ClearBuffer  u8g2_buffer.o
    0x08001bf6   0x08001bf6   0x00000044   Code   RO         3604    i.u8g2_DrawBox      u8g2_box.o
    0x08001c3a   0x08001c3a   0x00000040   Code   RO         3728    i.u8g2_DrawCircle   u8g2_circle.o
    0x08001c7a   0x08001c7a   0x00000040   Code   RO         3729    i.u8g2_DrawDisc     u8g2_circle.o
    0x08001cba   0x08001cba   0x00000044   Code   RO         3730    i.u8g2_DrawEllipse  u8g2_circle.o
    0x08001cfe   0x08001cfe   0x00000044   Code   RO         3731    i.u8g2_DrawFilledEllipse  u8g2_circle.o
    0x08001d42   0x08001d42   0x00000088   Code   RO         3605    i.u8g2_DrawFrame    u8g2_box.o
    0x08001dca   0x08001dca   0x00000070   Code   RO         3849    i.u8g2_DrawGlyph    u8g2_font.o
    0x08001e3a   0x08001e3a   0x0000000c   Code   RO         6073    i.u8g2_DrawHLine    u8g2_hvline.o
    0x08001e46   0x08001e46   0x00000002   PAD
    0x08001e48   0x08001e48   0x000000ac   Code   RO         6074    i.u8g2_DrawHVLine   u8g2_hvline.o
    0x08001ef4   0x08001ef4   0x00000094   Code   RO         3557    i.u8g2_DrawHXBM     u8g2_bitmap.o
    0x08001f88   0x08001f88   0x0000002e   Code   RO         6075    i.u8g2_DrawPixel    u8g2_hvline.o
    0x08001fb6   0x08001fb6   0x000000e6   Code   RO         3606    i.u8g2_DrawRBox     u8g2_box.o
    0x0800209c   0x0800209c   0x00000102   Code   RO         3607    i.u8g2_DrawRFrame   u8g2_box.o
    0x0800219e   0x0800219e   0x00000002   PAD
    0x080021a0   0x080021a0   0x00000010   Code   RO         3851    i.u8g2_DrawStr      u8g2_font.o
    0x080021b0   0x080021b0   0x0000000c   Code   RO         6076    i.u8g2_DrawVLine    u8g2_hvline.o
    0x080021bc   0x080021bc   0x0000004c   Code   RO         3560    i.u8g2_DrawXBM      u8g2_bitmap.o
    0x08002208   0x08002208   0x0000001c   Code   RO         3635    i.u8g2_FirstPage    u8g2_buffer.o
    0x08002224   0x08002224   0x00000030   Code   RO         6135    i.u8g2_IsIntersection  u8g2_intersection.o
    0x08002254   0x08002254   0x0000003e   Code   RO         3636    i.u8g2_NextPage     u8g2_buffer.o
    0x08002292   0x08002292   0x00000012   Code   RO         3637    i.u8g2_SendBuffer   u8g2_buffer.o
    0x080022a4   0x080022a4   0x0000001c   Code   RO         3638    i.u8g2_SetBufferCurrTileRow  u8g2_buffer.o
    0x080022c0   0x080022c0   0x00000020   Code   RO         3867    i.u8g2_SetFont      u8g2_font.o
    0x080022e0   0x080022e0   0x00000006   Code   RO         3868    i.u8g2_SetFontDirection  u8g2_font.o
    0x080022e6   0x080022e6   0x00000006   Code   RO         3869    i.u8g2_SetFontMode  u8g2_font.o
    0x080022ec   0x080022ec   0x0000000c   Code   RO         3870    i.u8g2_SetFontPosBaseline  u8g2_font.o
    0x080022f8   0x080022f8   0x0000001c   Code   RO         6323    i.u8g2_SetMaxClipWindow  u8g2_setup.o
    0x08002314   0x08002314   0x00000042   Code   RO         6324    i.u8g2_SetupBuffer  u8g2_setup.o
    0x08002356   0x08002356   0x00000002   PAD
    0x08002358   0x08002358   0x00000038   Code   RO         3826    i.u8g2_Setup_ssd1306_i2c_128x64_noname_f  u8g2_d_setup.o
    0x08002390   0x08002390   0x00000052   Code   RO         3877    i.u8g2_UpdateRefHeight  u8g2_font.o
    0x080023e2   0x080023e2   0x0000001c   Code   RO         3878    i.u8g2_add_vector_x  u8g2_font.o
    0x080023fe   0x080023fe   0x0000001c   Code   RO         3879    i.u8g2_add_vector_y  u8g2_font.o
    0x0800241a   0x0800241a   0x0000006e   Code   RO         6326    i.u8g2_apply_clip_window  u8g2_setup.o
    0x08002488   0x08002488   0x0000003c   Code   RO         6078    i.u8g2_clip_intersection2  u8g2_hvline.o
    0x080024c4   0x080024c4   0x0000006a   Code   RO         3732    i.u8g2_draw_circle  u8g2_circle.o
    0x0800252e   0x0800252e   0x000000ba   Code   RO         3733    i.u8g2_draw_circle_section  u8g2_circle.o
    0x080025e8   0x080025e8   0x0000006a   Code   RO         3734    i.u8g2_draw_disc    u8g2_circle.o
    0x08002652   0x08002652   0x000000cc   Code   RO         3735    i.u8g2_draw_disc_section  u8g2_circle.o
    0x0800271e   0x0800271e   0x000000dc   Code   RO         3736    i.u8g2_draw_ellipse  u8g2_circle.o
    0x080027fa   0x080027fa   0x00000060   Code   RO         3737    i.u8g2_draw_ellipse_section  u8g2_circle.o
    0x0800285a   0x0800285a   0x000000dc   Code   RO         3738    i.u8g2_draw_filled_ellipse  u8g2_circle.o
    0x08002936   0x08002936   0x0000006a   Code   RO         3739    i.u8g2_draw_filled_ellipse_section  u8g2_circle.o
    0x080029a0   0x080029a0   0x00000012   Code   RO         6079    i.u8g2_draw_hv_line_2dir  u8g2_hvline.o
    0x080029b2   0x080029b2   0x0000000c   Code   RO         6328    i.u8g2_draw_l90_r0  u8g2_setup.o
    0x080029be   0x080029be   0x00000076   Code   RO         3880    i.u8g2_draw_string  u8g2_font.o
    0x08002a34   0x08002a34   0x00000004   Code   RO         3886    i.u8g2_font_calc_vref_font  u8g2_font.o
    0x08002a38   0x08002a38   0x00000014   Code   RO         3888    i.u8g2_font_decode_get_signed_bits  u8g2_font.o
    0x08002a4c   0x08002a4c   0x00000034   Code   RO         3889    i.u8g2_font_decode_get_unsigned_bits  u8g2_font.o
    0x08002a80   0x08002a80   0x00000114   Code   RO         3890    i.u8g2_font_decode_glyph  u8g2_font.o
    0x08002b94   0x08002b94   0x0000008c   Code   RO         3891    i.u8g2_font_decode_len  u8g2_font.o
    0x08002c20   0x08002c20   0x00000072   Code   RO         3892    i.u8g2_font_get_glyph_data  u8g2_font.o
    0x08002c92   0x08002c92   0x00000014   Code   RO         3893    i.u8g2_font_get_word  u8g2_font.o
    0x08002ca6   0x08002ca6   0x00000034   Code   RO         3894    i.u8g2_font_setup_decode  u8g2_font.o
    0x08002cda   0x08002cda   0x00000018   Code   RO         6136    i.u8g2_is_intersection_decision_tree  u8g2_intersection.o
    0x08002cf2   0x08002cf2   0x00000002   PAD
    0x08002cf4   0x08002cf4   0x00000090   Code   RO         6184    i.u8g2_ll_hvline_vertical_top_lsb  u8g2_ll_hvline.o
    0x08002d84   0x08002d84   0x0000000c   Code   RO         3810    i.u8g2_m_16_8_f     u8g2_d_memory.o
    0x08002d90   0x08002d90   0x0000006a   Code   RO         3895    i.u8g2_read_font_info  u8g2_font.o
    0x08002dfa   0x08002dfa   0x0000004e   Code   RO         3645    i.u8g2_send_buffer  u8g2_buffer.o
    0x08002e48   0x08002e48   0x00000046   Code   RO         6333    i.u8g2_update_dimension_common  u8g2_setup.o
    0x08002e8e   0x08002e8e   0x00000004   Code   RO         6334    i.u8g2_update_dimension_r0  u8g2_setup.o
    0x08002e92   0x08002e92   0x00000022   Code   RO         6338    i.u8g2_update_page_win_r0  u8g2_setup.o
    0x08002eb4   0x08002eb4   0x0000001e   Code   RO         7540    i.u8x8_DrawTile     u8x8_display.o
    0x08002ed2   0x08002ed2   0x00000010   Code   RO         7542    i.u8x8_InitDisplay  u8x8_display.o
    0x08002ee2   0x08002ee2   0x00000010   Code   RO         7544    i.u8x8_RefreshDisplay  u8x8_display.o
    0x08002ef2   0x08002ef2   0x00000010   Code   RO         7547    i.u8x8_SetPowerSave  u8x8_display.o
    0x08002f02   0x08002f02   0x00000022   Code   RO         7846    i.u8x8_Setup        u8x8_setup.o
    0x08002f24   0x08002f24   0x00000024   Code   RO         7847    i.u8x8_SetupDefaults  u8x8_setup.o
    0x08002f48   0x08002f48   0x00000010   Code   RO         7548    i.u8x8_SetupMemory  u8x8_display.o
    0x08002f58   0x08002f58   0x0000000e   Code   RO         6618    i.u8x8_ascii_next   u8x8_8x8.o
    0x08002f66   0x08002f66   0x00000010   Code   RO         6743    i.u8x8_byte_EndTransfer  u8x8_byte.o
    0x08002f76   0x08002f76   0x0000000e   Code   RO         6744    i.u8x8_byte_SendByte  u8x8_byte.o
    0x08002f84   0x08002f84   0x00000010   Code   RO         6747    i.u8x8_byte_StartTransfer  u8x8_byte.o
    0x08002f94   0x08002f94   0x00000070   Code   RO         2842    i.u8x8_byte_hw_i2c  stm32_u8g2.o
    0x08003004   0x08003004   0x00000010   Code   RO         6863    i.u8x8_cad_EndTransfer  u8x8_cad.o
    0x08003014   0x08003014   0x00000010   Code   RO         6864    i.u8x8_cad_SendArg  u8x8_cad.o
    0x08003024   0x08003024   0x00000010   Code   RO         6865    i.u8x8_cad_SendCmd  u8x8_cad.o
    0x08003034   0x08003034   0x00000010   Code   RO         6866    i.u8x8_cad_SendData  u8x8_cad.o
    0x08003044   0x08003044   0x00000068   Code   RO         6868    i.u8x8_cad_SendSequence  u8x8_cad.o
    0x080030ac   0x080030ac   0x00000010   Code   RO         6869    i.u8x8_cad_StartTransfer  u8x8_cad.o
    0x080030bc   0x080030bc   0x000000bc   Code   RO         6872    i.u8x8_cad_ssd13xx_fast_i2c  u8x8_cad.o
    0x08003178   0x08003178   0x00000060   Code   RO         7549    i.u8x8_d_helper_display_init  u8x8_display.o
    0x080031d8   0x080031d8   0x0000000a   Code   RO         7550    i.u8x8_d_helper_display_setup_memory  u8x8_display.o
    0x080031e2   0x080031e2   0x00000002   PAD
    0x080031e4   0x080031e4   0x0000003c   Code   RO         7156    i.u8x8_d_ssd1306_128x64_noname  u8x8_d_ssd1306_128x64_noname.o
    0x08003220   0x08003220   0x000000c8   Code   RO         7158    i.u8x8_d_ssd1306_sh1106_generic  u8x8_d_ssd1306_128x64_noname.o
    0x080032e8   0x080032e8   0x00000004   Code   RO         7849    i.u8x8_dummy_cb     u8x8_setup.o
    0x080032ec   0x080032ec   0x0000006a   Code   RO         2843    i.u8x8_gpio_and_delay  stm32_u8g2.o
    0x08003356   0x08003356   0x0000000c   Code   RO         7768    i.u8x8_gpio_call    u8x8_gpio.o
    0x08003362   0x08003362   0x0000002c   Code   RO         6880    i.u8x8_i2c_data_transfer  u8x8_cad.o
    0x0800338e   0x0800338e   0x00000008   Code   RO         6626    i.u8x8_utf8_init    u8x8_8x8.o
    0x08003396   0x08003396   0x00000002   PAD
    0x08003398   0x08003398   0x000002b0   Code   RO         8006    x$fpl$ddiv          fz_ws.l(ddiv.o)
    0x08003648   0x08003648   0x0000005e   Code   RO         8009    x$fpl$dfix          fz_ws.l(dfix.o)
    0x080036a6   0x080036a6   0x0000002e   Code   RO         8014    x$fpl$dflt          fz_ws.l(dflt_clz.o)
    0x080036d4   0x080036d4   0x00000154   Code   RO         8019    x$fpl$dmul          fz_ws.l(dmul.o)
    0x08003828   0x08003828   0x0000009c   Code   RO         8037    x$fpl$dnaninf       fz_ws.l(dnaninf.o)
    0x080038c4   0x080038c4   0x0000000c   Code   RO         8039    x$fpl$dretinf       fz_ws.l(dretinf.o)
    0x080038d0   0x080038d0   0x00000000   Code   RO         8041    x$fpl$usenofp       fz_ws.l(usenofp.o)
    0x080038d0   0x080038d0   0x00000010   Data   RO         2803    .constdata          system_stm32f1xx.o
    0x080038e0   0x080038e0   0x00000008   Data   RO         2804    .constdata          system_stm32f1xx.o
    0x080038e8   0x080038e8   0x00000600   Data   RO         2898    .constdata          test.o
    0x08003ee8   0x08003ee8   0x0000072e   Data   RO         4146    .constdata          u8g2_fonts.o
    0x08004616   0x08004616   0x000002de   Data   RO         4183    .constdata          u8g2_fonts.o
    0x080048f4   0x080048f4   0x000009d6   Data   RO         5410    .constdata          u8g2_fonts.o
    0x080052ca   0x080052ca   0x00000653   Data   RO         5415    .constdata          u8g2_fonts.o
    0x0800591d   0x0800591d   0x00000f71   Data   RO         5418    .constdata          u8g2_fonts.o
    0x0800688e   0x0800688e   0x0000227f   Data   RO         5931    .constdata          u8g2_fonts.o
    0x08008b0d   0x08008b0d   0x00000325   Data   RO         5939    .constdata          u8g2_fonts.o
    0x08008e32   0x08008e32   0x00000002   PAD
    0x08008e34   0x08008e34   0x0000000c   Data   RO         6342    .constdata          u8g2_setup.o
    0x08008e40   0x08008e40   0x00000158   Data   RO         7160    .constdata          u8x8_d_ssd1306_128x64_noname.o
    0x08008f98   0x08008f98   0x00000020   Data   RO         8373    Region$$Table       anon$$obj.o


    Execution Region RW_IRAM1 (Exec base: 0x20000000, Load base: 0x08008fb8, Size: 0x00000b98, Max: 0x00005000, ABSOLUTE)

    Exec Addr    Load Addr    Size         Type   Attr      Idx    E Section Name        Object

    0x20000000   0x08008fb8   0x0000000c   Data   RW          874    .data               stm32f1xx_hal.o
    0x2000000c   0x08008fc4   0x00000004   Data   RW         2805    .data               system_stm32f1xx.o
    0x20000010   0x08008fc8   0x00000001   Data   RW         2845    .data               stm32_u8g2.o
    0x20000011   0x08008fc9   0x00000006   Data   RW         6882    .data               u8x8_cad.o
    0x20000017   0x08008fcf   0x00000001   PAD
    0x20000018        -       0x00000054   Zero   RW          195    .bss                i2c.o
    0x2000006c        -       0x00000048   Zero   RW          238    .bss                tim.o
    0x200000b4        -       0x00000080   Zero   RW         2844    .bss                stm32_u8g2.o
    0x20000134        -       0x00000400   Zero   RW         3811    .bss                u8g2_d_memory.o
    0x20000534        -       0x00000060   Zero   RW         8227    .bss                c_w.l(libspace.o)
    0x20000594   0x08008fcf   0x00000004   PAD
    0x20000598        -       0x00000200   Zero   RW            2    HEAP                startup_stm32f103xb.o
    0x20000798        -       0x00000400   Zero   RW            1    STACK               startup_stm32f103xb.o


==============================================================================

Image component sizes


      Code (inc. data)   RO Data    RW Data    ZI Data      Debug   Object Name

        60          6          0          0          0        807   gpio.o
       160         28          0          0         84       1601   i2c.o
       156          0          0          0          0     584248   main.o
        64         26        236          0       1536        804   startup_stm32f103xb.o
       526         86          0          1        128       2943   stm32_u8g2.o
       164         28          0         12          0       5925   stm32f1xx_hal.o
       172         14          0          0          0      28270   stm32f1xx_hal_cortex.o
       480         34          0          0          0       2248   stm32f1xx_hal_gpio.o
      1300         32          0          0          0       8857   stm32f1xx_hal_i2c.o
        60          8          0          0          0        858   stm32f1xx_hal_msp.o
      1240         88          0          0          0       4601   stm32f1xx_hal_rcc.o
       518         14          0          0          0       5911   stm32f1xx_hal_tim.o
       104         12          0          0          0       1312   stm32f1xx_hal_tim_ex.o
        20          0          0          0          0       3818   stm32f1xx_it.o
         2          0         24          4          0       1095   system_stm32f1xx.o
       940         92       1536          0          0       4195   test.o
       204         24          0          0         72       2062   tim.o
       224          0          0          0          0       1983   u8g2_bitmap.o
       692          0          0          0          0       3066   u8g2_box.o
       232          0          0          0          0       3968   u8g2_buffer.o
      1508          0          0          0          0      10722   u8g2_circle.o
        12          4          0          0       1024        780   u8g2_d_memory.o
        56         14          0          0          0       1013   u8g2_d_setup.o
      1224         10          0          0          0      14183   u8g2_font.o
         0          0      20298          0          0     143025   u8g2_fonts.o
       320          0          0          0          0       4058   u8g2_hvline.o
        72          0          0          0          0       1799   u8g2_intersection.o
       144          0          0          0          0       1334   u8g2_ll_hvline.o
       324          0         12          0          0     144437   u8g2_setup.o
        22          0          0          0          0       1733   u8x8_8x8.o
        46          0          0          0          0       1571   u8x8_byte.o
       416         12          0          6          0       8392   u8x8_cad.o
       260         12        344          0          0       2979   u8x8_d_ssd1306_128x64_noname.o
       200          0          0          0          0       4070   u8x8_display.o
        12          0          0          0          0        553   u8x8_gpio.o
        74          4          0          0          0       1646   u8x8_setup.o

    ----------------------------------------------------------------------
     12036        548      22484         24       2844    1010867   Object Totals
         0          0         32          0          0          0   (incl. Generated)
        28          0          2          1          0          0   (incl. Padding)

    ----------------------------------------------------------------------

      Code (inc. data)   RO Data    RW Data    ZI Data      Debug   Library Member Name

         8          0          0          0          0         68   __main.o
       104          0          0          0          0         84   __printf.o
         0          0          0          0          0          0   __rtentry.o
        12          0          0          0          0          0   __rtentry2.o
         6          0          0          0          0          0   __rtentry4.o
        52          8          0          0          0          0   __scatter.o
        26          0          0          0          0          0   __scatter_copy.o
        28          0          0          0          0          0   __scatter_zi.o
        48          6          0          0          0         96   _printf_char_common.o
         6          0          0          0          0          0   _printf_d.o
       120         16          0          0          0         92   _printf_dec.o
       178          0          0          0          0         88   _printf_intcommon.o
         0          0          0          0          0          0   _printf_percent.o
         4          0          0          0          0          0   _printf_percent_end.o
        10          0          0          0          0         68   _sputc.o
        18          0          0          0          0         80   exit.o
         6          0          0          0          0        152   heapauxi.o
         0          0          0          0          0          0   indicate_semi.o
         2          0          0          0          0          0   libinit.o
         2          0          0          0          0          0   libinit2.o
         2          0          0          0          0          0   libshutdown.o
         2          0          0          0          0          0   libshutdown2.o
         8          4          0          0         96         68   libspace.o
        40          6          0          0          0         84   noretval__2sprintf.o
        68          0          0          0          0         68   rt_memclr.o
        78          0          0          0          0         80   rt_memclr_w.o
         2          0          0          0          0          0   rtexit.o
        10          0          0          0          0          0   rtexit2.o
        12          4          0          0          0         68   sys_exit.o
        74          0          0          0          0         80   sys_stackheap_outer.o
         2          0          0          0          0         68   use_no_semi.o
       688        140          0          0          0        208   ddiv.o
        94          4          0          0          0         92   dfix.o
        46          0          0          0          0         68   dflt_clz.o
       340         12          0          0          0        104   dmul.o
       156          4          0          0          0         92   dnaninf.o
        12          0          0          0          0         68   dretinf.o
         0          0          0          0          0          0   usenofp.o

    ----------------------------------------------------------------------
      2272        204          0          0        100       1876   Library Totals
         8          0          0          0          4          0   (incl. Padding)

    ----------------------------------------------------------------------

      Code (inc. data)   RO Data    RW Data    ZI Data      Debug   Library Name

       928         44          0          0         96       1244   c_w.l
      1336        160          0          0          0        632   fz_ws.l

    ----------------------------------------------------------------------
      2272        204          0          0        100       1876   Library Totals

    ----------------------------------------------------------------------

==============================================================================


      Code (inc. data)   RO Data    RW Data    ZI Data      Debug   

     14308        752      22484         24       2944    1004575   Grand Totals
     14308        752      22484         24       2944    1004575   ELF Image Totals
     14308        752      22484         24          0          0   ROM Totals

==============================================================================

    Total RO  Size (Code + RO Data)                36792 (  35.93kB)
    Total RW  Size (RW Data + ZI Data)              2968 (   2.90kB)
    Total ROM Size (Code + RO Data + RW Data)      36816 (  35.95kB)

==============================================================================

